 ⨯ Failed to start server
Error: listen EADDRINUSE: address already in use :::3000
    at Server.setupListenHandle [as _listen2] (node:net:1941:16)
    at listenInCluster (node:net:1998:12)
    at Server.listen (node:net:2103:7)
    at /root/Neotropical/node_modules/next/dist/server/lib/start-server.js:297:16
    at new Promise (<anonymous>)
    at startServer (/root/Neotropical/node_modules/next/dist/server/lib/start-server.js:191:11)
    at Module.nextStart (/root/Neotropical/node_modules/next/dist/cli/next-start.js:30:40)
    at /root/Neotropical/node_modules/next/dist/bin/next:106:886 {
  code: 'EADDRINUSE',
  errno: -98,
  syscall: 'listen',
  address: '::',
  port: 3000
}
 ⨯ Failed to start server
Error: listen EADDRINUSE: address already in use :::3000
    at Server.setupListenHandle [as _listen2] (node:net:1941:16)
    at listenInCluster (node:net:1998:12)
    at Server.listen (node:net:2103:7)
    at /root/Neotropical/node_modules/next/dist/server/lib/start-server.js:297:16
    at new Promise (<anonymous>)
    at startServer (/root/Neotropical/node_modules/next/dist/server/lib/start-server.js:191:11)
    at Module.nextStart (/root/Neotropical/node_modules/next/dist/cli/next-start.js:30:40)
    at /root/Neotropical/node_modules/next/dist/bin/next:106:886 {
  code: 'EADDRINUSE',
  errno: -98,
  syscall: 'listen',
  address: '::',
  port: 3000
}
 ⨯ Failed to start server
Error: listen EADDRINUSE: address already in use :::3000
    at Server.setupListenHandle [as _listen2] (node:net:1941:16)
    at listenInCluster (node:net:1998:12)
    at Server.listen (node:net:2103:7)
    at /root/Neotropical/node_modules/next/dist/server/lib/start-server.js:297:16
    at new Promise (<anonymous>)
    at startServer (/root/Neotropical/node_modules/next/dist/server/lib/start-server.js:191:11)
    at Module.nextStart (/root/Neotropical/node_modules/next/dist/cli/next-start.js:30:40)
    at /root/Neotropical/node_modules/next/dist/bin/next:106:886 {
  code: 'EADDRINUSE',
  errno: -98,
  syscall: 'listen',
  address: '::',
  port: 3000
}
 ⨯ Failed to start server
Error: listen EADDRINUSE: address already in use :::3000
    at Server.setupListenHandle [as _listen2] (node:net:1941:16)
    at listenInCluster (node:net:1998:12)
    at Server.listen (node:net:2103:7)
    at /root/Neotropical/node_modules/next/dist/server/lib/start-server.js:297:16
    at new Promise (<anonymous>)
    at startServer (/root/Neotropical/node_modules/next/dist/server/lib/start-server.js:191:11)
    at Module.nextStart (/root/Neotropical/node_modules/next/dist/cli/next-start.js:30:40)
    at /root/Neotropical/node_modules/next/dist/bin/next:106:886 {
  code: 'EADDRINUSE',
  errno: -98,
  syscall: 'listen',
  address: '::',
  port: 3000
}
 ⨯ Failed to start server
Error: listen EADDRINUSE: address already in use :::3000
    at Server.setupListenHandle [as _listen2] (node:net:1941:16)
    at listenInCluster (node:net:1998:12)
    at Server.listen (node:net:2103:7)
    at /root/Neotropical/node_modules/next/dist/server/lib/start-server.js:297:16
    at new Promise (<anonymous>)
    at startServer (/root/Neotropical/node_modules/next/dist/server/lib/start-server.js:191:11)
    at Module.nextStart (/root/Neotropical/node_modules/next/dist/cli/next-start.js:30:40)
    at /root/Neotropical/node_modules/next/dist/bin/next:106:886 {
  code: 'EADDRINUSE',
  errno: -98,
  syscall: 'listen',
  address: '::',
  port: 3000
}
 ⨯ Failed to start server
Error: listen EADDRINUSE: address already in use :::3000
    at Server.setupListenHandle [as _listen2] (node:net:1941:16)
    at listenInCluster (node:net:1998:12)
    at Server.listen (node:net:2103:7)
    at /root/Neotropical/node_modules/next/dist/server/lib/start-server.js:297:16
    at new Promise (<anonymous>)
    at startServer (/root/Neotropical/node_modules/next/dist/server/lib/start-server.js:191:11)
    at Module.nextStart (/root/Neotropical/node_modules/next/dist/cli/next-start.js:30:40)
    at /root/Neotropical/node_modules/next/dist/bin/next:106:886 {
  code: 'EADDRINUSE',
  errno: -98,
  syscall: 'listen',
  address: '::',
  port: 3000
}
 ⨯ Failed to start server
Error: listen EADDRINUSE: address already in use :::3000
    at Server.setupListenHandle [as _listen2] (node:net:1941:16)
    at listenInCluster (node:net:1998:12)
    at Server.listen (node:net:2103:7)
    at /root/Neotropical/node_modules/next/dist/server/lib/start-server.js:297:16
    at new Promise (<anonymous>)
    at startServer (/root/Neotropical/node_modules/next/dist/server/lib/start-server.js:191:11)
    at Module.nextStart (/root/Neotropical/node_modules/next/dist/cli/next-start.js:30:40)
    at /root/Neotropical/node_modules/next/dist/bin/next:106:886 {
  code: 'EADDRINUSE',
  errno: -98,
  syscall: 'listen',
  address: '::',
  port: 3000
}
 ⨯ Failed to start server
Error: listen EADDRINUSE: address already in use :::3000
    at Server.setupListenHandle [as _listen2] (node:net:1941:16)
    at listenInCluster (node:net:1998:12)
    at Server.listen (node:net:2103:7)
    at /root/Neotropical/node_modules/next/dist/server/lib/start-server.js:297:16
    at new Promise (<anonymous>)
    at startServer (/root/Neotropical/node_modules/next/dist/server/lib/start-server.js:191:11)
    at Module.nextStart (/root/Neotropical/node_modules/next/dist/cli/next-start.js:30:40)
    at /root/Neotropical/node_modules/next/dist/bin/next:106:886 {
  code: 'EADDRINUSE',
  errno: -98,
  syscall: 'listen',
  address: '::',
  port: 3000
}
 ⨯ Failed to start server
Error: listen EADDRINUSE: address already in use :::3000
    at Server.setupListenHandle [as _listen2] (node:net:1941:16)
    at listenInCluster (node:net:1998:12)
    at Server.listen (node:net:2103:7)
    at /root/Neotropical/node_modules/next/dist/server/lib/start-server.js:297:16
    at new Promise (<anonymous>)
    at startServer (/root/Neotropical/node_modules/next/dist/server/lib/start-server.js:191:11)
    at Module.nextStart (/root/Neotropical/node_modules/next/dist/cli/next-start.js:30:40)
    at /root/Neotropical/node_modules/next/dist/bin/next:106:886 {
  code: 'EADDRINUSE',
  errno: -98,
  syscall: 'listen',
  address: '::',
  port: 3000
}
 ⨯ Failed to start server
Error: listen EADDRINUSE: address already in use :::3000
    at Server.setupListenHandle [as _listen2] (node:net:1941:16)
    at listenInCluster (node:net:1998:12)
    at Server.listen (node:net:2103:7)
    at /root/Neotropical/node_modules/next/dist/server/lib/start-server.js:297:16
    at new Promise (<anonymous>)
    at startServer (/root/Neotropical/node_modules/next/dist/server/lib/start-server.js:191:11)
    at Module.nextStart (/root/Neotropical/node_modules/next/dist/cli/next-start.js:30:40)
    at /root/Neotropical/node_modules/next/dist/bin/next:106:886 {
  code: 'EADDRINUSE',
  errno: -98,
  syscall: 'listen',
  address: '::',
  port: 3000
}
 ⨯ Failed to start server
Error: listen EADDRINUSE: address already in use :::3000
    at Server.setupListenHandle [as _listen2] (node:net:1941:16)
    at listenInCluster (node:net:1998:12)
    at Server.listen (node:net:2103:7)
    at /root/Neotropical/node_modules/next/dist/server/lib/start-server.js:297:16
    at new Promise (<anonymous>)
    at startServer (/root/Neotropical/node_modules/next/dist/server/lib/start-server.js:191:11)
    at Module.nextStart (/root/Neotropical/node_modules/next/dist/cli/next-start.js:30:40)
    at /root/Neotropical/node_modules/next/dist/bin/next:106:886 {
  code: 'EADDRINUSE',
  errno: -98,
  syscall: 'listen',
  address: '::',
  port: 3000
}
 ⨯ Failed to start server
Error: listen EADDRINUSE: address already in use :::3000
    at Server.setupListenHandle [as _listen2] (node:net:1941:16)
    at listenInCluster (node:net:1998:12)
    at Server.listen (node:net:2103:7)
    at /root/Neotropical/node_modules/next/dist/server/lib/start-server.js:297:16
    at new Promise (<anonymous>)
    at startServer (/root/Neotropical/node_modules/next/dist/server/lib/start-server.js:191:11)
    at Module.nextStart (/root/Neotropical/node_modules/next/dist/cli/next-start.js:30:40)
    at /root/Neotropical/node_modules/next/dist/bin/next:106:886 {
  code: 'EADDRINUSE',
  errno: -98,
  syscall: 'listen',
  address: '::',
  port: 3000
}
 ⨯ Failed to start server
Error: listen EADDRINUSE: address already in use :::3000
    at Server.setupListenHandle [as _listen2] (node:net:1941:16)
    at listenInCluster (node:net:1998:12)
    at Server.listen (node:net:2103:7)
    at /root/Neotropical/node_modules/next/dist/server/lib/start-server.js:297:16
    at new Promise (<anonymous>)
    at startServer (/root/Neotropical/node_modules/next/dist/server/lib/start-server.js:191:11)
    at Module.nextStart (/root/Neotropical/node_modules/next/dist/cli/next-start.js:30:40)
    at /root/Neotropical/node_modules/next/dist/bin/next:106:886 {
  code: 'EADDRINUSE',
  errno: -98,
  syscall: 'listen',
  address: '::',
  port: 3000
}
 ⨯ Failed to start server
Error: listen EADDRINUSE: address already in use :::3000
    at Server.setupListenHandle [as _listen2] (node:net:1941:16)
    at listenInCluster (node:net:1998:12)
    at Server.listen (node:net:2103:7)
    at /root/Neotropical/node_modules/next/dist/server/lib/start-server.js:297:16
    at new Promise (<anonymous>)
    at startServer (/root/Neotropical/node_modules/next/dist/server/lib/start-server.js:191:11)
    at Module.nextStart (/root/Neotropical/node_modules/next/dist/cli/next-start.js:30:40)
    at /root/Neotropical/node_modules/next/dist/bin/next:106:886 {
  code: 'EADDRINUSE',
  errno: -98,
  syscall: 'listen',
  address: '::',
  port: 3000
}
 ⨯ Failed to start server
Error: listen EADDRINUSE: address already in use :::3000
    at Server.setupListenHandle [as _listen2] (node:net:1941:16)
    at listenInCluster (node:net:1998:12)
    at Server.listen (node:net:2103:7)
    at /root/Neotropical/node_modules/next/dist/server/lib/start-server.js:297:16
    at new Promise (<anonymous>)
    at startServer (/root/Neotropical/node_modules/next/dist/server/lib/start-server.js:191:11)
    at Module.nextStart (/root/Neotropical/node_modules/next/dist/cli/next-start.js:30:40)
    at /root/Neotropical/node_modules/next/dist/bin/next:106:886 {
  code: 'EADDRINUSE',
  errno: -98,
  syscall: 'listen',
  address: '::',
  port: 3000
}
 ⨯ Failed to start server
Error: listen EADDRINUSE: address already in use :::3000
    at Server.setupListenHandle [as _listen2] (node:net:1941:16)
    at listenInCluster (node:net:1998:12)
    at Server.listen (node:net:2103:7)
    at /root/Neotropical/node_modules/next/dist/server/lib/start-server.js:297:16
    at new Promise (<anonymous>)
    at startServer (/root/Neotropical/node_modules/next/dist/server/lib/start-server.js:191:11)
    at Module.nextStart (/root/Neotropical/node_modules/next/dist/cli/next-start.js:30:40)
    at /root/Neotropical/node_modules/next/dist/bin/next:106:886 {
  code: 'EADDRINUSE',
  errno: -98,
  syscall: 'listen',
  address: '::',
  port: 3000
}
