
> neotropical@1.0.0 start
> next start


> neotropical@1.0.0 start
> next start


> neotropical@1.0.0 start
> next start


> neotropical@1.0.0 start
> next start


> neotropical@1.0.0 start
> next start


> neotropical@1.0.0 start
> next start


> neotropical@1.0.0 start
> next start


> neotropical@1.0.0 start
> next start


> neotropical@1.0.0 start
> next start


> neotropical@1.0.0 start
> next start


> neotropical@1.0.0 start
> next start


> neotropical@1.0.0 start
> next start


> neotropical@1.0.0 start
> next start


> neotropical@1.0.0 start
> next start


> neotropical@1.0.0 start
> next start


> neotropical@1.0.0 start
> next start


> neotropical@1.0.0 start
> next start

  ▲ Next.js 15.0.0
  - Local:        http://localhost:3000

 ✓ Starting...
 ✓ Ready in 497ms

> neotropical@1.0.0 start
> next start

  ▲ Next.js 15.0.0
  - Local:        http://localhost:3000

 ✓ Starting...
 ✓ Ready in 497ms

> neotropical@1.0.0 start
> next start

  ▲ Next.js 15.0.0
  - Local:        http://localhost:3000

 ✓ Starting...
 ✓ Ready in 482ms

> neotropical@1.0.0 start
> next start

  ▲ Next.js 15.0.0
  - Local:        http://localhost:3000

 ✓ Starting...
 ✓ Ready in 462ms

> neotropical@1.0.0 start
> next start

  ▲ Next.js 15.0.0
  - Local:        http://localhost:3000

 ✓ Starting...
 ✓ Ready in 458ms

> neotropical@1.0.0 start
> next start

  ▲ Next.js 15.0.0
  - Local:        http://localhost:3000

 ✓ Starting...
 ✓ Ready in 504ms

> neotropical@1.0.0 start
> next start

  ▲ Next.js 15.0.0
  - Local:        http://localhost:3000

 ✓ Starting...
 ✓ Ready in 457ms

> neotropical@1.0.0 start
> next start

  ▲ Next.js 15.0.0
  - Local:        http://localhost:3000

 ✓ Starting...
 ✓ Ready in 481ms

> neotropical@1.0.0 start
> next start

  ▲ Next.js 15.0.0
  - Local:        http://localhost:3000

 ✓ Starting...
 ✓ Ready in 537ms

> neotropical@1.0.0 start
> next start

  ▲ Next.js 15.0.0
  - Local:        http://localhost:3000

 ✓ Starting...
 ✓ Ready in 431ms

> neotropical@1.0.0 start
> next start

  ▲ Next.js 15.0.0
  - Local:        http://localhost:3000

 ✓ Starting...
 ✓ Ready in 454ms

> neotropical@1.0.0 start
> next start

  ▲ Next.js 15.0.0
  - Local:        http://localhost:3000

 ✓ Starting...
 ✓ Ready in 499ms

> neotropical@1.0.0 start
> next start

  ▲ Next.js 15.0.0
  - Local:        http://localhost:3000

 ✓ Starting...
 ✓ Ready in 441ms

> neotropical@1.0.0 start
> next start

  ▲ Next.js 15.0.0
  - Local:        http://localhost:3000

 ✓ Starting...
 ✓ Ready in 485ms

> neotropical@1.0.0 start
> next start


> neotropical@1.0.0 start
> next start


> neotropical@1.0.0 start
> next start


> neotropical@1.0.0 start
> next start


> neotropical@1.0.0 start
> next start


> neotropical@1.0.0 start
> next start


> neotropical@1.0.0 start
> next start


> neotropical@1.0.0 start
> next start


> neotropical@1.0.0 start
> next start


> neotropical@1.0.0 start
> next start


> neotropical@1.0.0 start
> next start


> neotropical@1.0.0 start
> next start


> neotropical@1.0.0 start
> next start


> neotropical@1.0.0 start
> next start


> neotropical@1.0.0 start
> next start


> neotropical@1.0.0 start
> next start

