
> celestial-conjunction@0.0.1 preview
> astro preview

 astro  v7.3.5 ready in 44 ms
┃ Local    http://localhost:4321/
┃ Network  use --host to expose

> celestial-conjunction@0.0.1 preview
> astro preview

 astro  v7.3.5 ready in 51 ms
┃ Local    http://localhost:4321/
┃ Network  use --host to expose

> celestial-conjunction@0.0.1 preview
> astro preview

 astro  v7.3.5 ready in 58 ms
┃ Local    http://localhost:4321/
┃ Network  use --host to expose

> celestial-conjunction@0.0.1 preview
> astro preview

 astro  v7.3.5 ready in 43 ms
┃ Local    http://localhost:4321/
┃ Network  use --host to expose
Exposing /root/Neotropical/celestial-conjunction/dist directory on 0.0.0.0:4321
Exposing /root/Neotropical/celestial-conjunction/dist directory on 0.0.0.0:4321
Exposing /root/Neotropical/celestial-conjunction/dist directory on 0.0.0.0:4321
Exposing /root/Neotropical/celestial-conjunction/dist directory on 0.0.0.0:4321

> catalogo-oficial@1.0.0 start
> astro preview --host 0.0.0.0 --port 4321

 astro  v7.3.5 ready in 30 ms
┃ Local    http://localhost:4321/
┃ Network  http://157.180.69.139:4321/
           http://10.0.1.1:4321/

> neotropical-specimens@1.0.0 start
> astro dev

09:36:17 [types] Generated 9ms

 astro  v4.16.19 ready in 562 ms

┃ Local    http://localhost:4321/
┃ Network  use --host to expose

09:36:17 watching for file changes...

> neotropical-specimens@1.0.0 start
> astro dev

13:13:55 [types] Generated 2ms

 astro  v4.16.19 ready in 585 ms

┃ Local    http://localhost:4321/
┃ Network  use --host to expose

13:13:55 watching for file changes...

> neotropical-specimens@1.0.0 start
> astro dev

01:12:49 [types] Generated 2ms

 astro  v4.16.19 ready in 552 ms

┃ Local    http://localhost:4321/
┃ Network  use --host to expose

01:12:49 watching for file changes...

> neotropical-specimens@1.0.0 start
> astro dev

02:51:48 [types] Generated 2ms

 astro  v4.16.19 ready in 728 ms

┃ Local    http://localhost:4321/
┃ Network  use --host to expose

02:51:49 watching for file changes...

 update  ▶ New version of Astro available: 7.3.5
  Run npx @astrojs/upgrade to update


> neotropical-specimens@1.0.0 start
> astro dev

02:52:09 [types] Generated 2ms

 astro  v4.16.19 ready in 523 ms

┃ Local    http://localhost:4321/
┃ Network  use --host to expose

02:52:09 watching for file changes...

> neotropical-specimens@1.0.0 start
> astro dev

03:03:26 [types] Generated 2ms

 astro  v4.16.19 ready in 510 ms

┃ Local    http://localhost:4321/
┃ Network  use --host to expose

03:03:26 watching for file changes...

> neotropical-specimens@1.0.0 start
> astro dev --host 0.0.0.0 --port 4321

03:08:06 [types] Generated 8ms

 astro  v4.16.19 ready in 532 ms

┃ Local    http://localhost:4321/
┃ Network  http://157.180.69.139:4321/
           http://10.0.1.1:4321/

03:08:06 watching for file changes...
03:08:41 [200] / 17ms
03:08:46 [200] /catalogos 5ms
03:08:49 [200] /catalogos/especimenes-neotropicales 7ms
03:09:58 Configuration file removed. Restarting...
03:09:58 [types] Generated 2ms
03:09:59 [200] /catalogos/especimenes-neotropicales 10ms

> neotropical-specimens@1.0.0 start
> astro dev --host 0.0.0.0 --port 4321

03:14:02 [types] Generated 9ms

 astro  v4.16.19 ready in 545 ms

┃ Local    http://localhost:4321/
┃ Network  http://157.180.69.139:4321/
           http://10.0.1.1:4321/

03:14:02 watching for file changes...

 update  ▶ New version of Astro available: 7.3.5
  Run npx @astrojs/upgrade to update

03:14:34 [200] /catalogos/especimenes-neotropicales 18ms
03:14:38 [200] /catalogos/especimenes-neotropicales 11ms
03:16:02 [watch] src/pages/catalogos/[rubro]/index.astro
03:16:04 [200] /catalogos/especimenes-neotropicales 16ms
03:16:20 [200] /catalogos/especimenes-neotropicales 11ms
03:16:23 [200] /catalogos/especimenes-neotropicales 6ms
03:17:16 [200] /catalogos/especimenes-neotropicales 7ms
03:45:42 [200] / 9ms
03:45:51 [200] / 21ms
03:46:01 [404] /.well-known/security.txt 3ms

> neotropical-specimens@1.0.0 start
> astro dev --host 0.0.0.0 --port 4321

10:36:31 [types] Generated 18ms

 astro  v4.16.19 ready in 544 ms

┃ Local    http://localhost:4321/
┃ Network  http://157.180.69.139:4321/
           http://10.0.1.1:4321/

10:36:31 watching for file changes...

> neotropical-specimens@1.0.0 start
> astro dev --host 0.0.0.0 --port 4321

10:39:25 [types] Generated 2ms

 astro  v4.16.19 ready in 581 ms

┃ Local    http://localhost:4321/
┃ Network  http://157.180.69.139:4321/
           http://10.0.1.1:4321/

10:39:25 watching for file changes...

 update  ▶ New version of Astro available: 7.3.5
  Run npx @astrojs/upgrade to update


> neotropical-specimens@1.0.0 start
> astro dev --host 0.0.0.0 --port 4321

10:41:10 [types] Generated 16ms

 astro  v4.16.19 ready in 508 ms

┃ Local    http://localhost:4321/
┃ Network  http://157.180.69.139:4321/
           http://10.0.1.1:4321/

10:41:10 watching for file changes...
10:42:42 [200] /catalogos/especimenes-neotropicales 25ms
10:42:48 [200] /catalogos 13ms
10:42:51 [200] /catalogos/especimenes-neotropicales 8ms
10:42:55 [200] /catalogos 5ms
10:42:58 [200] / 5ms
10:43:01 [200] /catalogos 8ms
10:43:03 [200] /catalogos/especimenes-neotropicales 7ms
10:43:05 [200] /catalogos/especimenes-neotropicales/neotropical 5ms
10:43:08 [200] /catalogos/especimenes-neotropicales/neotropical/butterflies-diurnas 7ms
10:43:10 [200] /catalogos/especimenes-neotropicales/neotropical/butterflies-diurnas/brassolidae 14ms
10:43:13 [200] /catalogos/especimenes-neotropicales/neotropical/butterflies-diurnas/brassolidae/brassolidae-specimen-1 6ms
10:43:40 [200] /catalogos/especimenes-neotropicales/neotropical/butterflies-diurnas 9ms
10:43:42 [200] /catalogos/especimenes-neotropicales/neotropical/butterflies-diurnas/brassolidae 11ms
10:43:44 [WARN] [router] A `getStaticPaths()` route pattern was matched, but no matching static path was found for requested path `/catalogos/especimenes-neotropicales/neotropical/butterflies-diurnas/brassolidae/brassolidae-specimen-4`.

Possible dynamic routes being matched: src/pages/catalogos/[rubro]/[region]/[categoria]/[familia]/[id].astro.
10:43:44 [404] /catalogos/especimenes-neotropicales/neotropical/butterflies-diurnas/brassolidae/brassolidae-specimen-4 1ms
10:43:47 [WARN] [router] A `getStaticPaths()` route pattern was matched, but no matching static path was found for requested path `/catalogos/especimenes-neotropicales/neotropical/butterflies-diurnas/brassolidae/brassolidae-specimen-4`.

Possible dynamic routes being matched: src/pages/catalogos/[rubro]/[region]/[categoria]/[familia]/[id].astro.
10:43:47 [404] /catalogos/especimenes-neotropicales/neotropical/butterflies-diurnas/brassolidae/brassolidae-specimen-4 1ms
10:43:58 [200] /catalogos/especimenes-neotropicales/neotropical/butterflies-diurnas/brassolidae/brassolidae-specimen-1 9ms
10:44:04 [WARN] [router] A `getStaticPaths()` route pattern was matched, but no matching static path was found for requested path `/catalogos/especimenes-neotropicales/neotropical/butterflies-diurnas/brassolidae/brassolidae-specimen-2`.

Possible dynamic routes being matched: src/pages/catalogos/[rubro]/[region]/[categoria]/[familia]/[id].astro.
10:44:04 [404] /catalogos/especimenes-neotropicales/neotropical/butterflies-diurnas/brassolidae/brassolidae-specimen-2 2ms
10:44:09 [WARN] [router] A `getStaticPaths()` route pattern was matched, but no matching static path was found for requested path `/catalogos/especimenes-neotropicales/neotropical/butterflies-diurnas/brassolidae/brassolidae-specimen-6`.

Possible dynamic routes being matched: src/pages/catalogos/[rubro]/[region]/[categoria]/[familia]/[id].astro.
10:44:09 [404] /catalogos/especimenes-neotropicales/neotropical/butterflies-diurnas/brassolidae/brassolidae-specimen-6 1ms
10:44:14 [200] /catalogos/especimenes-neotropicales/neotropical/butterflies-diurnas/lycaenidae 7ms
10:44:16 [WARN] [router] A `getStaticPaths()` route pattern was matched, but no matching static path was found for requested path `/catalogos/especimenes-neotropicales/neotropical/butterflies-diurnas/lycaenidae/lycaenidae-specimen-6`.

Possible dynamic routes being matched: src/pages/catalogos/[rubro]/[region]/[categoria]/[familia]/[id].astro.
10:44:16 [404] /catalogos/especimenes-neotropicales/neotropical/butterflies-diurnas/lycaenidae/lycaenidae-specimen-6 1ms
10:50:17 [200] /catalogos/especimenes-neotropicales/neotropical/butterflies-diurnas/lycaenidae 13ms
10:50:19 [WARN] [router] A `getStaticPaths()` route pattern was matched, but no matching static path was found for requested path `/catalogos/especimenes-neotropicales/neotropical/butterflies-diurnas/lycaenidae/lycaenidae-specimen-2`.

Possible dynamic routes being matched: src/pages/catalogos/[rubro]/[region]/[categoria]/[familia]/[id].astro.
10:50:19 [404] /catalogos/especimenes-neotropicales/neotropical/butterflies-diurnas/lycaenidae/lycaenidae-specimen-2 1ms
10:50:21 [WARN] [router] A `getStaticPaths()` route pattern was matched, but no matching static path was found for requested path `/catalogos/especimenes-neotropicales/neotropical/butterflies-diurnas/lycaenidae/lycaenidae-specimen-2`.

Possible dynamic routes being matched: src/pages/catalogos/[rubro]/[region]/[categoria]/[familia]/[id].astro.
10:50:21 [404] /catalogos/especimenes-neotropicales/neotropical/butterflies-diurnas/lycaenidae/lycaenidae-specimen-2 1ms

> neotropical-specimens@1.0.0 start
> astro dev --host 0.0.0.0 --port 4321

10:51:01 [types] Generated 2ms

 astro  v4.16.19 ready in 585 ms

┃ Local    http://localhost:4321/
┃ Network  http://157.180.69.139:4321/
           http://10.0.1.1:4321/

10:51:01 watching for file changes...
10:51:52 [200] / 20ms
10:51:55 [200] / 9ms
10:51:56 [200] /catalogos 6ms
10:51:59 [200] /catalogos/especimenes-neotropicales 9ms
10:52:02 [200] /catalogos/especimenes-neotropicales/neotropical 5ms
10:52:05 [200] /catalogos/especimenes-neotropicales/neotropical/butterflies-diurnas 6ms
10:52:07 [200] /catalogos/especimenes-neotropicales/neotropical/butterflies-diurnas/brassolidae 8ms
10:52:10 [200] /catalogos/especimenes-neotropicales/neotropical/butterflies-diurnas/brassolidae/brassolidae-specimen-1 5ms
10:52:15 [WARN] [router] A `getStaticPaths()` route pattern was matched, but no matching static path was found for requested path `/catalogos/especimenes-neotropicales/neotropical/butterflies-diurnas/brassolidae/brassolidae-specimen-6`.

Possible dynamic routes being matched: src/pages/catalogos/[rubro]/[region]/[categoria]/[familia]/[id].astro.
10:52:15 [404] /catalogos/especimenes-neotropicales/neotropical/butterflies-diurnas/brassolidae/brassolidae-specimen-6 4ms
10:52:19 [WARN] [router] A `getStaticPaths()` route pattern was matched, but no matching static path was found for requested path `/catalogos/especimenes-neotropicales/neotropical/butterflies-diurnas/brassolidae/brassolidae-specimen-7`.

Possible dynamic routes being matched: src/pages/catalogos/[rubro]/[region]/[categoria]/[familia]/[id].astro.
10:52:19 [404] /catalogos/especimenes-neotropicales/neotropical/butterflies-diurnas/brassolidae/brassolidae-specimen-7 2ms
10:52:23 [200] /catalogos/especimenes-neotropicales/neotropical/butterflies-diurnas/danaidae 13ms
10:52:25 [WARN] [router] A `getStaticPaths()` route pattern was matched, but no matching static path was found for requested path `/catalogos/especimenes-neotropicales/neotropical/butterflies-diurnas/danaidae/danaidae-specimen-4`.

Possible dynamic routes being matched: src/pages/catalogos/[rubro]/[region]/[categoria]/[familia]/[id].astro.
10:52:25 [404] /catalogos/especimenes-neotropicales/neotropical/butterflies-diurnas/danaidae/danaidae-specimen-4 1ms
10:53:25 [200] /catalogos/especimenes-neotropicales/neotropical 12ms
10:53:35 [200] /catalogos/especimenes-neotropicales/neotropical 10ms
10:53:37 [200] /catalogos/especimenes-neotropicales/neotropical/butterflies-diurnas 6ms
10:53:41 [200] /catalogos/especimenes-neotropicales/neotropical/butterflies-diurnas/brassolidae 17ms
10:53:48 [200] /catalogos/especimenes-neotropicales/neotropical/butterflies-diurnas/brassolidae/brassolidae-specimen-1 11ms
10:53:55 [WARN] [router] A `getStaticPaths()` route pattern was matched, but no matching static path was found for requested path `/catalogos/especimenes-neotropicales/neotropical/butterflies-diurnas/brassolidae/brassolidae-specimen-2`.

Possible dynamic routes being matched: src/pages/catalogos/[rubro]/[region]/[categoria]/[familia]/[id].astro.
10:53:55 [404] /catalogos/especimenes-neotropicales/neotropical/butterflies-diurnas/brassolidae/brassolidae-specimen-2 1ms
10:59:48 [watch] src/pages/catalogos/[rubro]/[region]/[categoria]/[familia]/[id].astro
11:04:50 [watch] src/pages/catalogos/[rubro]/[region]/[categoria]/[familia]/[id].astro
11:07:40 [200] /catalogos/especimenes-neotropicales/neotropical/butterflies-diurnas/brassolidae/brassolidae-specimen-1 19ms
11:07:44 [200] /catalogos/especimenes-neotropicales/neotropical/butterflies-diurnas/brassolidae/brassolidae-specimen-2 11ms
11:07:51 [200] /catalogos/especimenes-neotropicales/neotropical/butterflies-diurnas/heliconidae 12ms
11:07:54 [200] /catalogos/especimenes-neotropicales/neotropical/butterflies-diurnas/heliconidae/heliconidae-specimen-4 7ms
11:08:00 [200] /catalogos/especimenes-neotropicales/neotropical/butterflies-diurnas 8ms
11:08:03 [200] /catalogos/especimenes-neotropicales/neotropical 7ms
11:08:07 [200] /catalogos/especimenes-neotropicales/neotropical/insects-arthropods 6ms
11:08:08 [200] /catalogos/especimenes-neotropicales/neotropical/insects-arthropods/spider 17ms
11:08:11 [WARN] [router] A `getStaticPaths()` route pattern was matched, but no matching static path was found for requested path `/catalogos/especimenes-neotropicales/neotropical/insects-arthropods/spider/spider-specimen-2`.

Possible dynamic routes being matched: src/pages/catalogos/[rubro]/[region]/[categoria]/[familia]/[id].astro.
11:08:11 [404] /catalogos/especimenes-neotropicales/neotropical/insects-arthropods/spider/spider-specimen-2 1ms
11:08:17 [200] /catalogos/especimenes-neotropicales/neotropical/insects-arthropods/orthoptera 15ms
11:08:20 [200] /catalogos/especimenes-neotropicales/neotropical/insects-arthropods/orthoptera/orthoptera-specimen-5 14ms
11:08:25 [200] /catalogos/especimenes-neotropicales/neotropical/insects-arthropods 16ms
11:08:27 [200] /catalogos/especimenes-neotropicales/neotropical/insects-arthropods/spider 21ms
11:08:29 [WARN] [router] A `getStaticPaths()` route pattern was matched, but no matching static path was found for requested path `/catalogos/especimenes-neotropicales/neotropical/insects-arthropods/spider/spider-specimen-3`.

Possible dynamic routes being matched: src/pages/catalogos/[rubro]/[region]/[categoria]/[familia]/[id].astro.
11:08:29 [404] /catalogos/especimenes-neotropicales/neotropical/insects-arthropods/spider/spider-specimen-3 1ms
11:08:34 [200] /catalogos/especimenes-neotropicales/neotropical/insects-arthropods/scolopendridae 13ms
11:08:36 [WARN] [router] A `getStaticPaths()` route pattern was matched, but no matching static path was found for requested path `/catalogos/especimenes-neotropicales/neotropical/insects-arthropods/scolopendridae/scolopendridae-specimen-3`.

Possible dynamic routes being matched: src/pages/catalogos/[rubro]/[region]/[categoria]/[familia]/[id].astro.
11:08:36 [404] /catalogos/especimenes-neotropicales/neotropical/insects-arthropods/scolopendridae/scolopendridae-specimen-3 1ms
11:08:40 [200] /catalogos/especimenes-neotropicales/neotropical/insects-arthropods 7ms
11:08:44 [200] /catalogos/especimenes-neotropicales/neotropical/insects-arthropods/pholcidae 13ms
11:08:46 [WARN] [router] A `getStaticPaths()` route pattern was matched, but no matching static path was found for requested path `/catalogos/especimenes-neotropicales/neotropical/insects-arthropods/pholcidae/pholcidae-specimen-4`.

Possible dynamic routes being matched: src/pages/catalogos/[rubro]/[region]/[categoria]/[familia]/[id].astro.
11:08:46 [404] /catalogos/especimenes-neotropicales/neotropical/insects-arthropods/pholcidae/pholcidae-specimen-4 1ms
11:08:51 [200] /catalogos/especimenes-neotropicales/neotropical/insects-arthropods 7ms
11:09:00 [200] /catalogos/especimenes-neotropicales/neotropical/insects-arthropods/homoptera 15ms
11:09:02 [WARN] [router] A `getStaticPaths()` route pattern was matched, but no matching static path was found for requested path `/catalogos/especimenes-neotropicales/neotropical/insects-arthropods/homoptera/homoptera-specimen-3`.

Possible dynamic routes being matched: src/pages/catalogos/[rubro]/[region]/[categoria]/[familia]/[id].astro.
11:09:02 [404] /catalogos/especimenes-neotropicales/neotropical/insects-arthropods/homoptera/homoptera-specimen-3 1ms
11:09:07 [200] /catalogos/especimenes-neotropicales/neotropical/insects-arthropods/phasmidae 17ms
11:09:09 [200] /catalogos/especimenes-neotropicales/neotropical/insects-arthropods/phasmidae/phasmidae-specimen-4 10ms

> neotropical-specimens@1.0.0 start
> astro dev --host 0.0.0.0 --port 4321

11:10:13 [types] Generated 2ms

 astro  v4.16.19 ready in 752 ms

┃ Local    http://localhost:4321/
┃ Network  http://157.180.69.139:4321/
           http://10.0.1.1:4321/

11:10:13 watching for file changes...
11:12:41 [200] /catalogos/especimenes-neotropicales/neotropical/insects-arthropods/phasmidae 20ms
11:12:41 [200] /catalogos 9ms
11:12:45 [200] /catalogos/especimenes-neotropicales 5ms
11:12:47 [200] /catalogos/especimenes-neotropicales/neotropical 5ms
11:13:19 [watch] src/pages/catalogos/[rubro]/[region]/index.astro

> neotropical-specimens@1.0.0 start
> astro dev --host 0.0.0.0 --port 4321

11:13:49 [types] Generated 5ms

 astro  v4.16.19 ready in 560 ms

┃ Local    http://localhost:4321/
┃ Network  http://157.180.69.139:4321/
           http://10.0.1.1:4321/

11:13:49 watching for file changes...
11:16:06 [watch] src/pages/catalogos/[rubro]/[region]/index.astro
11:16:08 [200] /catalogos/especimenes-neotropicales/neotropical 30ms
11:18:18 [200] /catalogos/especimenes-neotropicales/neotropical/moths-nocturnas 10ms
11:18:20 [200] /catalogos/especimenes-neotropicales/neotropical/moths-nocturnas/saturniidae 9ms
11:18:24 [200] /catalogos/especimenes-neotropicales/neotropical/moths-nocturnas/saturniidae/saturniidae-specimen-5 8ms
11:18:29 [200] /catalogos/especimenes-neotropicales/neotropical/moths-nocturnas 9ms
11:18:33 [200] /catalogos/especimenes-neotropicales/neotropical 9ms
11:18:38 [200] /catalogos/especimenes-neotropicales/neotropical/butterflies-especiales 11ms
11:18:40 [200] /catalogos/especimenes-neotropicales/neotropical/butterflies-especiales/gynandromorphs 7ms
11:18:42 [200] /catalogos/especimenes-neotropicales/neotropical/butterflies-especiales/gynandromorphs/gynandromorphs-specimen-3 8ms
11:18:52 [WARN] [router] A `getStaticPaths()` route pattern was matched, but no matching static path was found for requested path `/catalogos/especimenes-neotropicales/neotropical/butterflies-especiales/heliconidae-ithomiidae`.

Possible dynamic routes being matched: src/pages/catalogos/[rubro]/[region]/[categoria]/[familia].astro.
11:18:52 [404] /catalogos/especimenes-neotropicales/neotropical/butterflies-especiales/heliconidae-ithomiidae 3ms
11:19:00 [200] /catalogos/especimenes-neotropicales/neotropical 11ms

> neotropical-specimens@1.0.0 start
> astro dev --host 0.0.0.0 --port 4321

11:21:10 [types] Generated 2ms

 astro  v4.16.19 ready in 558 ms

┃ Local    http://localhost:4321/
┃ Network  http://157.180.69.139:4321/
           http://10.0.1.1:4321/

11:21:10 watching for file changes...
11:21:57 [200] /catalogos/especimenes-neotropicales/neotropical 31ms
11:22:05 [200] /catalogos/especimenes-neotropicales 6ms
11:22:07 [200] /catalogos/especimenes-neotropicales/neotropical 10ms
11:22:12 [200] /catalogos/especimenes-neotropicales/neotropical/butterflies-diurnas 6ms
11:22:14 [200] /catalogos/especimenes-neotropicales/neotropical/butterflies-diurnas/brassolidae 9ms
11:22:17 [200] /catalogos/especimenes-neotropicales/neotropical/butterflies-diurnas/brassolidae/brassolidae-specimen-3 10ms
11:22:22 [200] /catalogos/especimenes-neotropicales/neotropical/butterflies-diurnas 4ms
11:22:26 [200] /catalogos/especimenes-neotropicales/neotropical 9ms
11:22:33 [200] /catalogos/especimenes-neotropicales/neotropical/moths-nocturnas 6ms
11:22:38 [200] /catalogos/especimenes-neotropicales/neotropical/moths-nocturnas/alucitidae 9ms
11:22:40 [200] /catalogos/especimenes-neotropicales/neotropical/moths-nocturnas/alucitidae/alucitidae-specimen-3 10ms
11:23:56 [200] /catalogos 5ms
11:23:59 [200] /catalogos/especimenes-neotropicales 10ms
11:27:14 [200] /catalogos/especimenes-neotropicales/neotropical 13ms
11:27:18 [200] /catalogos/especimenes-neotropicales/neotropical/butterflies-diurnas 9ms
11:27:21 [200] /catalogos/especimenes-neotropicales/neotropical/butterflies-diurnas/heliconidae 14ms
11:27:32 [200] /catalogos/especimenes-neotropicales/neotropical/butterflies-diurnas/heliconidae/heliconidae-specimen-2 11ms
11:27:46 [200] /catalogos/especimenes-neotropicales/neotropical/moths-nocturnas 8ms
11:27:49 [200] /catalogos/especimenes-neotropicales/neotropical/moths-nocturnas/sphingidae 10ms
11:27:54 [200] /catalogos/especimenes-neotropicales/neotropical/moths-nocturnas/sphingidae/sphingidae-specimen-4 7ms
11:28:00 [200] /catalogos/especimenes-neotropicales/neotropical 11ms
11:28:04 [200] /catalogos/especimenes-neotropicales/neotropical/beetles-coleoptera 5ms
11:28:10 [200] /catalogos/especimenes-neotropicales/neotropical/butterflies-especiales 11ms
11:32:31 [watch] src/pages/catalogos/[rubro]/[region]/[categoria]/[familia]/[id].astro
11:32:32 [200] /catalogos/especimenes-neotropicales/neotropical 5ms

> neotropical-specimens@1.0.0 start
> astro dev --host 0.0.0.0 --port 4321

11:38:29 [types] Generated 8ms

 astro  v4.16.19 ready in 528 ms

┃ Local    http://localhost:4321/
┃ Network  http://157.180.69.139:4321/
           http://10.0.1.1:4321/

11:38:29 watching for file changes...
11:38:31 [200] /catalogos/especimenes-neotropicales/neotropical 15ms
11:42:14 [200] /catalogos/especimenes-neotropicales/neotropical 13ms
11:42:17 [200] /catalogos/especimenes-neotropicales/neotropical/insects-arthropods 16ms
11:42:20 [200] /catalogos/especimenes-neotropicales/neotropical/insects-arthropods/homoptera 11ms
11:42:24 [WARN] [router] A `getStaticPaths()` route pattern was matched, but no matching static path was found for requested path `/catalogos/especimenes-neotropicales/neotropical/insects-arthropods/homoptera/homoptera-specimen-5`.

Possible dynamic routes being matched: src/pages/catalogos/[rubro]/[region]/[categoria]/[familia]/[id].astro.
11:42:24 [404] /catalogos/especimenes-neotropicales/neotropical/insects-arthropods/homoptera/homoptera-specimen-5 2ms
11:42:28 [WARN] [router] A `getStaticPaths()` route pattern was matched, but no matching static path was found for requested path `/catalogos/especimenes-neotropicales/neotropical/insects-arthropods/homoptera/homoptera-specimen-2`.

Possible dynamic routes being matched: src/pages/catalogos/[rubro]/[region]/[categoria]/[familia]/[id].astro.
11:42:28 [404] /catalogos/especimenes-neotropicales/neotropical/insects-arthropods/homoptera/homoptera-specimen-2 3ms
11:42:37 [200] /catalogos/especimenes-neotropicales/neotropical/insects-arthropods/hymenoptera 19ms
11:42:39 [WARN] [router] A `getStaticPaths()` route pattern was matched, but no matching static path was found for requested path `/catalogos/especimenes-neotropicales/neotropical/insects-arthropods/hymenoptera/hymenoptera-specimen-4`.

Possible dynamic routes being matched: src/pages/catalogos/[rubro]/[region]/[categoria]/[familia]/[id].astro.
11:42:39 [404] /catalogos/especimenes-neotropicales/neotropical/insects-arthropods/hymenoptera/hymenoptera-specimen-4 3ms
11:42:43 [WARN] [router] A `getStaticPaths()` route pattern was matched, but no matching static path was found for requested path `/catalogos/especimenes-neotropicales/neotropical/insects-arthropods/hymenoptera/hymenoptera-specimen-2`.

Possible dynamic routes being matched: src/pages/catalogos/[rubro]/[region]/[categoria]/[familia]/[id].astro.
11:42:43 [404] /catalogos/especimenes-neotropicales/neotropical/insects-arthropods/hymenoptera/hymenoptera-specimen-2 3ms
11:42:49 [200] /catalogos/especimenes-neotropicales/neotropical/insects-arthropods/others 14ms
11:42:51 [WARN] [router] A `getStaticPaths()` route pattern was matched, but no matching static path was found for requested path `/catalogos/especimenes-neotropicales/neotropical/insects-arthropods/others/others-specimen-8`.

Possible dynamic routes being matched: src/pages/catalogos/[rubro]/[region]/[categoria]/[familia]/[id].astro.
11:42:51 [404] /catalogos/especimenes-neotropicales/neotropical/insects-arthropods/others/others-specimen-8 2ms
11:42:59 [200] /catalogos/especimenes-neotropicales/neotropical/insects-arthropods/scolopendridae 14ms
11:43:00 [WARN] [router] A `getStaticPaths()` route pattern was matched, but no matching static path was found for requested path `/catalogos/especimenes-neotropicales/neotropical/insects-arthropods/scolopendridae/scolopendridae-specimen-3`.

Possible dynamic routes being matched: src/pages/catalogos/[rubro]/[region]/[categoria]/[familia]/[id].astro.
11:43:00 [404] /catalogos/especimenes-neotropicales/neotropical/insects-arthropods/scolopendridae/scolopendridae-specimen-3 2ms
11:45:06 [200] /catalogos/especimenes-neotropicales/neotropical/insects-arthropods/pholcidae 18ms
11:45:08 [WARN] [router] A `getStaticPaths()` route pattern was matched, but no matching static path was found for requested path `/catalogos/especimenes-neotropicales/neotropical/insects-arthropods/pholcidae/pholcidae-specimen-3`.

Possible dynamic routes being matched: src/pages/catalogos/[rubro]/[region]/[categoria]/[familia]/[id].astro.
11:45:08 [404] /catalogos/especimenes-neotropicales/neotropical/insects-arthropods/pholcidae/pholcidae-specimen-3 1ms
11:45:13 [200] /catalogos/especimenes-neotropicales/neotropical/insects-arthropods/scorpion 21ms
11:45:15 [WARN] [router] A `getStaticPaths()` route pattern was matched, but no matching static path was found for requested path `/catalogos/especimenes-neotropicales/neotropical/insects-arthropods/scorpion/scorpion-specimen-5`.

Possible dynamic routes being matched: src/pages/catalogos/[rubro]/[region]/[categoria]/[familia]/[id].astro.
11:45:15 [404] /catalogos/especimenes-neotropicales/neotropical/insects-arthropods/scorpion/scorpion-specimen-5 1ms
11:45:20 [200] /catalogos/especimenes-neotropicales/neotropical/insects-arthropods/odonata 10ms
11:45:22 [WARN] [router] A `getStaticPaths()` route pattern was matched, but no matching static path was found for requested path `/catalogos/especimenes-neotropicales/neotropical/insects-arthropods/odonata/odonata-specimen-3`.

Possible dynamic routes being matched: src/pages/catalogos/[rubro]/[region]/[categoria]/[familia]/[id].astro.
11:45:22 [404] /catalogos/especimenes-neotropicales/neotropical/insects-arthropods/odonata/odonata-specimen-3 1ms
11:45:25 [WARN] [router] A `getStaticPaths()` route pattern was matched, but no matching static path was found for requested path `/catalogos/especimenes-neotropicales/neotropical/insects-arthropods/odonata/odonata-specimen-2`.

Possible dynamic routes being matched: src/pages/catalogos/[rubro]/[region]/[categoria]/[familia]/[id].astro.
11:45:25 [404] /catalogos/especimenes-neotropicales/neotropical/insects-arthropods/odonata/odonata-specimen-2 1ms
11:45:30 [200] /catalogos/especimenes-neotropicales/neotropical/insects-arthropods 9ms
11:45:33 [200] /catalogos/especimenes-neotropicales/neotropical/insects-arthropods/homoptera 12ms
11:45:35 [WARN] [router] A `getStaticPaths()` route pattern was matched, but no matching static path was found for requested path `/catalogos/especimenes-neotropicales/neotropical/insects-arthropods/homoptera/homoptera-specimen-1`.

Possible dynamic routes being matched: src/pages/catalogos/[rubro]/[region]/[categoria]/[familia]/[id].astro.
11:45:35 [404] /catalogos/especimenes-neotropicales/neotropical/insects-arthropods/homoptera/homoptera-specimen-1 2ms
11:45:40 [200] /catalogos/especimenes-neotropicales/neotropical 5ms
11:45:42 [200] /catalogos/especimenes-neotropicales/neotropical/butterflies-diurnas 10ms
11:45:44 [200] /catalogos/especimenes-neotropicales/neotropical/butterflies-diurnas/brassolidae 8ms
11:45:47 [WARN] [router] A `getStaticPaths()` route pattern was matched, but no matching static path was found for requested path `/catalogos/especimenes-neotropicales/neotropical/butterflies-diurnas/brassolidae/brassolidae-specimen-3`.

Possible dynamic routes being matched: src/pages/catalogos/[rubro]/[region]/[categoria]/[familia]/[id].astro.
11:45:47 [404] /catalogos/especimenes-neotropicales/neotropical/butterflies-diurnas/brassolidae/brassolidae-specimen-3 1ms
11:57:10 [watch] src/pages/catalogos/[rubro]/[region]/[categoria]/[familia]/[id].astro
11:57:12 [200] /catalogos/especimenes-neotropicales/neotropical/butterflies-diurnas/brassolidae 11ms

> neotropical-specimens@1.0.0 start
> astro dev --host 0.0.0.0 --port 4321

11:57:48 [types] Generated 1ms

 astro  v4.16.19 ready in 483 ms

┃ Local    http://localhost:4321/
┃ Network  http://157.180.69.139:4321/
           http://10.0.1.1:4321/

11:57:48 watching for file changes...

> neotropical-specimens@1.0.0 start
> astro dev --host 0.0.0.0 --port 4321

12:00:19 [types] Generated 8ms

 astro  v4.16.19 ready in 561 ms

┃ Local    http://localhost:4321/
┃ Network  http://157.180.69.139:4321/
           http://10.0.1.1:4321/

12:00:19 watching for file changes...

> neotropical-specimens@1.0.0 start
> astro dev --host 0.0.0.0 --port 4321

12:03:51 [types] Generated 2ms

 astro  v4.16.19 ready in 505 ms

┃ Local    http://localhost:4321/
┃ Network  http://157.180.69.139:4321/
           http://10.0.1.1:4321/

12:03:51 watching for file changes...
12:04:35 [200] /catalogos/especimenes-neotropicales/neotropical/butterflies-diurnas/brassolidae 29ms
12:04:40 [WARN] [router] A `getStaticPaths()` route pattern was matched, but no matching static path was found for requested path `/catalogos/especimenes-neotropicales/neotropical/butterflies-diurnas/brassolidae/brassolidae-specimen-1`.

Possible dynamic routes being matched: src/pages/catalogos/[rubro]/[region]/[categoria]/[familia]/[id].astro.
12:04:40 [404] /catalogos/especimenes-neotropicales/neotropical/butterflies-diurnas/brassolidae/brassolidae-specimen-1 1ms
12:04:45 [200] /catalogos/especimenes-neotropicales/neotropical/butterflies-diurnas/brassolidae 12ms
12:04:47 [WARN] [router] A `getStaticPaths()` route pattern was matched, but no matching static path was found for requested path `/catalogos/especimenes-neotropicales/neotropical/butterflies-diurnas/brassolidae/brassolidae-specimen-2`.

Possible dynamic routes being matched: src/pages/catalogos/[rubro]/[region]/[categoria]/[familia]/[id].astro.
12:04:47 [404] /catalogos/especimenes-neotropicales/neotropical/butterflies-diurnas/brassolidae/brassolidae-specimen-2 2ms
12:04:51 [200] /catalogos/especimenes-neotropicales/neotropical/butterflies-diurnas 5ms
12:04:55 [200] /catalogos/especimenes-neotropicales/neotropical/butterflies-diurnas/riodinidae 15ms
12:04:58 [WARN] [router] A `getStaticPaths()` route pattern was matched, but no matching static path was found for requested path `/catalogos/especimenes-neotropicales/neotropical/butterflies-diurnas/riodinidae/riodinidae-specimen-4`.

Possible dynamic routes being matched: src/pages/catalogos/[rubro]/[region]/[categoria]/[familia]/[id].astro.
12:04:58 [404] /catalogos/especimenes-neotropicales/neotropical/butterflies-diurnas/riodinidae/riodinidae-specimen-4 2ms
12:05:01 [200] /catalogos 6ms
12:05:04 [200] /catalogos/osteologia-exoesqueletos 8ms
12:05:06 [200] /catalogos/osteologia-exoesqueletos/neotropical 5ms
12:05:08 [200] /catalogos 8ms
12:05:11 [200] / 8ms
12:05:15 [200] /catalogos 5ms
12:05:18 [200] /catalogos/especimenes-neotropicales 10ms
12:05:21 [200] /catalogos 7ms
12:05:23 [200] / 9ms
12:05:33 [200] /catalogos 11ms
12:05:35 [200] /catalogos/especimenes-neotropicales 9ms
12:05:37 [200] /catalogos/especimenes-neotropicales/neotropical 11ms
12:05:40 [200] /catalogos/especimenes-neotropicales/neotropical/butterflies-diurnas 5ms
12:05:43 [200] /catalogos/especimenes-neotropicales/neotropical/butterflies-diurnas/danaidae 12ms
12:05:45 [WARN] [router] A `getStaticPaths()` route pattern was matched, but no matching static path was found for requested path `/catalogos/especimenes-neotropicales/neotropical/butterflies-diurnas/danaidae/danaidae-specimen-3`.

Possible dynamic routes being matched: src/pages/catalogos/[rubro]/[region]/[categoria]/[familia]/[id].astro.
12:05:45 [404] /catalogos/especimenes-neotropicales/neotropical/butterflies-diurnas/danaidae/danaidae-specimen-3 1ms
12:07:48 [watch] src/pages/catalogos/[rubro]/[region]/[categoria]/[familia]/[id].astro
12:07:49 [200] /catalogos/especimenes-neotropicales/neotropical/butterflies-diurnas/danaidae 9ms
12:07:54 [200] /catalogos/especimenes-neotropicales/neotropical/butterflies-diurnas/danaidae 8ms
12:10:56 [watch] src/pages/catalogos/[rubro]/[region]/[categoria]/[familia]/[id].astro
12:10:57 [200] /catalogos/especimenes-neotropicales/neotropical/butterflies-diurnas/danaidae 6ms
12:11:42 [200] /catalogos/especimenes-neotropicales/neotropical/butterflies-diurnas/danaidae 13ms
12:11:45 [WARN] [router] A `getStaticPaths()` route pattern was matched, but no matching static path was found for requested path `/catalogos/especimenes-neotropicales/neotropical/butterflies-diurnas/danaidae/danaidae-specimen-2`.

Possible dynamic routes being matched: src/pages/catalogos/[rubro]/[region]/[categoria]/[familia]/[id].astro.
12:11:45 [404] /catalogos/especimenes-neotropicales/neotropical/butterflies-diurnas/danaidae/danaidae-specimen-2 1ms
12:16:43 [watch] src/pages/catalogos/[rubro]/[region]/[categoria]/[familia]/[id].astro

> neotropical-specimens@1.0.0 start
> astro dev --host 0.0.0.0 --port 4321

12:21:42 [types] Generated 2ms

 astro  v4.16.19 ready in 595 ms

┃ Local    http://localhost:4321/
┃ Network  http://157.180.69.139:4321/
           http://10.0.1.1:4321/

12:21:42 watching for file changes...
12:23:11 [200] /catalogos 17ms
12:23:14 [200] / 7ms
12:23:19 [200] / 8ms
12:23:28 [200] /catalogos 9ms
12:23:31 [200] /catalogos/especimenes-neotropicales 5ms
12:23:34 [200] /catalogos/especimenes-neotropicales/neotropical 6ms
12:23:37 [200] /catalogos/especimenes-neotropicales/neotropical/butterflies-diurnas 10ms
12:23:38 [200] /catalogos/especimenes-neotropicales/neotropical/butterflies-diurnas/danaidae 7ms
12:23:42 [WARN] [router] A `getStaticPaths()` route pattern was matched, but no matching static path was found for requested path `/catalogos/especimenes-neotropicales/neotropical/butterflies-diurnas/danaidae/danaidae-specimen-2`.

Possible dynamic routes being matched: src/pages/catalogos/[rubro]/[region]/[categoria]/[familia]/[id].astro.
12:23:42 [404] /catalogos/especimenes-neotropicales/neotropical/butterflies-diurnas/danaidae/danaidae-specimen-2 2ms
12:23:49 [WARN] [router] A `getStaticPaths()` route pattern was matched, but no matching static path was found for requested path `/catalogos/especimenes-neotropicales/neotropical/butterflies-diurnas/danaidae/danaidae-specimen-6`.

Possible dynamic routes being matched: src/pages/catalogos/[rubro]/[region]/[categoria]/[familia]/[id].astro.
12:23:49 [404] /catalogos/especimenes-neotropicales/neotropical/butterflies-diurnas/danaidae/danaidae-specimen-6 2ms
12:23:56 [WARN] [router] A `getStaticPaths()` route pattern was matched, but no matching static path was found for requested path `/catalogos/especimenes-neotropicales/neotropical/butterflies-diurnas/danaidae/danaidae-specimen-2`.

Possible dynamic routes being matched: src/pages/catalogos/[rubro]/[region]/[categoria]/[familia]/[id].astro.
12:23:56 [404] /catalogos/especimenes-neotropicales/neotropical/butterflies-diurnas/danaidae/danaidae-specimen-2 1ms
12:29:12 [watch] src/pages/catalogos/[rubro]/[region]/[categoria]/[familia]/[id].astro

> neotropical-specimens@1.0.0 start
> astro dev --host 0.0.0.0 --port 4321

12:29:51 [types] Generated 1ms

 astro  v4.16.19 ready in 558 ms

┃ Local    http://localhost:4321/
┃ Network  http://157.180.69.139:4321/
           http://10.0.1.1:4321/

12:29:52 watching for file changes...
12:35:57 Configuration file updated. Restarting...
12:35:57 [types] Generated 1ms

> neotropical-specimens@1.0.0 start
> astro dev --host 0.0.0.0 --port 4321

12:37:44 [types] Generated 1ms

 astro  v4.16.19 ready in 177 ms

┃ Local    http://localhost:4321/
┃ Network  http://157.180.69.139:4321/
           http://10.0.1.1:4321/

12:37:44 watching for file changes...
12:39:47 Configuration file updated. Restarting...
12:39:47 [types] Generated 1ms

> neotropical-specimens@1.0.0 start
> astro dev --host 0.0.0.0 --port 4321

12:41:00 [types] Generated 13ms

 astro  v4.16.19 ready in 192 ms

┃ Local    http://localhost:4321/
┃ Network  http://157.180.69.139:4321/
           http://10.0.1.1:4321/

12:41:00 watching for file changes...

> neotropical-specimens@1.0.0 start
> astro dev --host 0.0.0.0 --port 4321

12:43:00 [types] Generated 1ms

 astro  v4.16.19 ready in 170 ms

┃ Local    http://localhost:4321/
┃ Network  http://157.180.69.139:4321/
           http://10.0.1.1:4321/

12:43:01 watching for file changes...

> neotropical-specimens@1.0.0 start
> astro dev --host 0.0.0.0 --port 4321

12:46:22 [types] Generated 2ms

 astro  v4.16.19 ready in 170 ms

┃ Local    http://localhost:4321/
┃ Network  http://157.180.69.139:4321/
           http://10.0.1.1:4321/

12:46:23 watching for file changes...
12:48:07 [200] /catalogos/especimenes-neotropicales/neotropical/butterflies-diurnas/danaidae 23ms
12:48:09 [200] /catalogos/especimenes-neotropicales/neotropical/butterflies-diurnas/danaidae 16ms
12:48:14 [200] /catalogos/especimenes-neotropicales/neotropical/butterflies-diurnas/danaidae 14ms
12:48:19 [200] /catalogos/especimenes-neotropicales/neotropical/butterflies-diurnas/brassolidae 13ms
12:48:24 [200] /catalogos/especimenes-neotropicales/neotropical/butterflies-diurnas/lycaenidae 13ms
12:50:30 [200] /catalogos 10ms
12:50:34 [200] / 10ms
12:50:44 [200] /catalogos/especimenes-neotropicales/neotropical 6ms
12:50:48 [200] /catalogos 15ms
12:50:50 [200] / 5ms
12:52:48 Configuration file updated. Restarting...
12:52:48 [watch] src/pages/catalogos/[rubro]/[region]/index.astro
12:52:48 [types] Generated 1ms
12:52:50 [200] / 10ms

> neotropical-specimens@1.0.0 start
> astro dev --host 0.0.0.0 --port 4321

12:53:11 [types] Generated 2ms

 astro  v4.16.19 ready in 478 ms

┃ Local    http://localhost:4321/
┃ Network  http://157.180.69.139:4321/
           http://10.0.1.1:4321/

12:53:11 watching for file changes...
12:57:09 [200] / 18ms

> neotropical-specimens@1.0.0 start
> astro dev --host 0.0.0.0 --port 4321

12:57:12 [types] Generated 2ms

 astro  v4.16.19 ready in 491 ms

┃ Local    http://localhost:4321/
┃ Network  http://157.180.69.139:4321/
           http://10.0.1.1:4321/

12:57:12 watching for file changes...
12:57:14 [200] /catalogos 19ms
12:57:18 [200] /catalogos/especimenes-neotropicales 6ms
12:57:20 [200] /catalogos/especimenes-neotropicales/neotropical 5ms
12:57:22 [200] /catalogos/especimenes-neotropicales/neotropical/butterflies-diurnas 5ms
12:57:24 [200] /catalogos/especimenes-neotropicales/neotropical/butterflies-diurnas/brassolidae 8ms
12:57:26 [WARN] [router] A `getStaticPaths()` route pattern was matched, but no matching static path was found for requested path `/catalogos/especimenes-neotropicales/neotropical/butterflies-diurnas/brassolidae/brassolidae-specimen-2`.

Possible dynamic routes being matched: src/pages/catalogos/[rubro]/[region]/[categoria]/[familia]/[id].astro.
12:57:26 [404] /catalogos/especimenes-neotropicales/neotropical/butterflies-diurnas/brassolidae/brassolidae-specimen-2 1ms
13:00:13 [watch] src/pages/catalogos/[rubro]/[region]/[categoria]/[familia]/[id].astro
13:00:15 [200] /catalogos/especimenes-neotropicales/neotropical/butterflies-diurnas/brassolidae 12ms

> neotropical-specimens@1.0.0 start
> astro dev --host 0.0.0.0 --port 4321

13:02:40 [types] Generated 2ms

 astro  v4.16.19 ready in 543 ms

┃ Local    http://localhost:4321/
┃ Network  http://157.180.69.139:4321/
           http://10.0.1.1:4321/

13:02:40 watching for file changes...
13:09:37 Configuration file updated. Restarting...
13:09:37 [types] Generated 1ms
13:11:54 Configuration file updated. Restarting...
13:12:25 Configuration file updated. Restarting...
13:12:25 [types] Generated 1ms
13:14:05 [@astrojs/node] Server listening on http://127.0.0.1:4321
13:16:57 [@astrojs/node] Server listening on http://localhost:4321
13:32:58 [@astrojs/node] Server listening on http://localhost:4321
13:49:19 [@astrojs/node] Server listening on http://localhost:4321
13:52:25 [@astrojs/node] Server listening on http://localhost:4321
14:11:34 [@astrojs/node] Server listening on http://localhost:4321
14:13:03 [@astrojs/node] Server listening on http://localhost:4321

 astro  v4.16.19 ready in 14 ms

┃ Local    http://localhost:4321/
┃ Network  http://157.180.69.139:4321/
           http://10.0.1.1:4321/


 astro  v4.16.19 ready in 13 ms

┃ Local    http://localhost:4321/
┃ Network  http://157.180.69.139:4321/
           http://10.0.1.1:4321/


 astro  v4.16.19 ready in 16 ms

┃ Local    http://localhost:4321/
┃ Network  http://157.180.69.139:4321/
           http://10.0.1.1:4321/


 astro  v4.16.19 ready in 15 ms

┃ Local    http://localhost:4321/
┃ Network  http://157.180.69.139:4321/
           http://10.0.1.1:4321/


 astro  v4.16.19 ready in 23 ms

┃ Local    http://localhost:4321/
┃ Network  http://157.180.69.139:4321/
           http://10.0.1.1:4321/


 astro  v4.16.19 ready in 19 ms

┃ Local    http://localhost:4321/
┃ Network  http://157.180.69.139:4321/
           http://10.0.1.1:4321/


 astro  v4.16.19 ready in 13 ms

┃ Local    http://localhost:4321/
┃ Network  http://157.180.69.139:4321/
           http://10.0.1.1:4321/


 astro  v4.16.19 ready in 13 ms

┃ Local    http://localhost:4321/
┃ Network  http://157.180.69.139:4321/
           http://10.0.1.1:4321/


 astro  v4.16.19 ready in 20 ms

┃ Local    http://localhost:4321/
┃ Network  http://157.180.69.139:4321/
           http://10.0.1.1:4321/


 astro  v4.16.19 ready in 14 ms

┃ Local    http://localhost:4321/
┃ Network  http://157.180.69.139:4321/
           http://10.0.1.1:4321/

