npm error Missing script: "start"
npm error
npm error Did you mean one of these?
npm error   npm star # Mark your favorite packages
npm error   npm stars # View packages marked as favorites
npm error
npm error To see a list of scripts, run:
npm error   npm run
npm error A complete log of this run can be found in: /root/.npm/_logs/2026-09-30T06_54_22_688Z-debug-0.log
npm error Missing script: "start"
npm error
npm error Did you mean one of these?
npm error   npm star # Mark your favorite packages
npm error   npm stars # View packages marked as favorites
npm error
npm error To see a list of scripts, run:
npm error   npm run
npm error A complete log of this run can be found in: /root/.npm/_logs/2026-09-30T06_54_23_030Z-debug-0.log
npm error Missing script: "start"
npm error
npm error Did you mean one of these?
npm error   npm star # Mark your favorite packages
npm error   npm stars # View packages marked as favorites
npm error
npm error To see a list of scripts, run:
npm error   npm run
npm error A complete log of this run can be found in: /root/.npm/_logs/2026-09-30T06_54_23_374Z-debug-0.log
npm error Missing script: "start"
npm error
npm error Did you mean one of these?
npm error   npm star # Mark your favorite packages
npm error   npm stars # View packages marked as favorites
npm error
npm error To see a list of scripts, run:
npm error   npm run
npm error A complete log of this run can be found in: /root/.npm/_logs/2026-09-30T06_54_23_709Z-debug-0.log
npm error Missing script: "start"
npm error
npm error Did you mean one of these?
npm error   npm star # Mark your favorite packages
npm error   npm stars # View packages marked as favorites
npm error
npm error To see a list of scripts, run:
npm error   npm run
npm error A complete log of this run can be found in: /root/.npm/_logs/2026-09-30T06_54_24_059Z-debug-0.log
npm error Missing script: "start"
npm error
npm error Did you mean one of these?
npm error   npm star # Mark your favorite packages
npm error   npm stars # View packages marked as favorites
npm error
npm error To see a list of scripts, run:
npm error   npm run
npm error A complete log of this run can be found in: /root/.npm/_logs/2026-09-30T06_54_24_357Z-debug-0.log
npm error Missing script: "start"
npm error
npm error Did you mean one of these?
npm error   npm star # Mark your favorite packages
npm error   npm stars # View packages marked as favorites
npm error
npm error To see a list of scripts, run:
npm error   npm run
npm error A complete log of this run can be found in: /root/.npm/_logs/2026-09-30T06_54_24_643Z-debug-0.log
npm error Missing script: "start"
npm error
npm error Did you mean one of these?
npm error   npm star # Mark your favorite packages
npm error   npm stars # View packages marked as favorites
npm error
npm error To see a list of scripts, run:
npm error   npm run
npm error A complete log of this run can be found in: /root/.npm/_logs/2026-09-30T06_54_24_970Z-debug-0.log
npm error Missing script: "start"
npm error
npm error Did you mean one of these?
npm error   npm star # Mark your favorite packages
npm error   npm stars # View packages marked as favorites
npm error
npm error To see a list of scripts, run:
npm error   npm run
npm error A complete log of this run can be found in: /root/.npm/_logs/2026-09-30T06_54_25_271Z-debug-0.log
npm error Missing script: "start"
npm error
npm error Did you mean one of these?
npm error   npm star # Mark your favorite packages
npm error   npm stars # View packages marked as favorites
npm error
npm error To see a list of scripts, run:
npm error   npm run
npm error A complete log of this run can be found in: /root/.npm/_logs/2026-09-30T06_54_25_559Z-debug-0.log
npm error Missing script: "start"
npm error
npm error Did you mean one of these?
npm error   npm star # Mark your favorite packages
npm error   npm stars # View packages marked as favorites
npm error
npm error To see a list of scripts, run:
npm error   npm run
npm error A complete log of this run can be found in: /root/.npm/_logs/2026-09-30T06_54_25_902Z-debug-0.log
npm error Missing script: "start"
npm error
npm error Did you mean one of these?
npm error   npm star # Mark your favorite packages
npm error   npm stars # View packages marked as favorites
npm error
npm error To see a list of scripts, run:
npm error   npm run
npm error A complete log of this run can be found in: /root/.npm/_logs/2026-09-30T06_54_26_160Z-debug-0.log
npm error Missing script: "start"
npm error
npm error Did you mean one of these?
npm error   npm star # Mark your favorite packages
npm error   npm stars # View packages marked as favorites
npm error
npm error To see a list of scripts, run:
npm error   npm run
npm error A complete log of this run can be found in: /root/.npm/_logs/2026-09-30T06_54_26_456Z-debug-0.log
npm error Missing script: "start"
npm error
npm error Did you mean one of these?
npm error   npm star # Mark your favorite packages
npm error   npm stars # View packages marked as favorites
npm error
npm error To see a list of scripts, run:
npm error   npm run
npm error A complete log of this run can be found in: /root/.npm/_logs/2026-09-30T06_54_26_780Z-debug-0.log
npm error Missing script: "start"
npm error
npm error Did you mean one of these?
npm error   npm star # Mark your favorite packages
npm error   npm stars # View packages marked as favorites
npm error
npm error To see a list of scripts, run:
npm error   npm run
npm error A complete log of this run can be found in: /root/.npm/_logs/2026-09-30T06_54_27_081Z-debug-0.log
npm error Missing script: "start"
npm error
npm error Did you mean one of these?
npm error   npm star # Mark your favorite packages
npm error   npm stars # View packages marked as favorites
npm error
npm error To see a list of scripts, run:
npm error   npm run
npm error A complete log of this run can be found in: /root/.npm/_logs/2026-09-30T06_54_27_382Z-debug-0.log
npm error Missing script: "start"
npm error
npm error Did you mean one of these?
npm error   npm star # Mark your favorite packages
npm error   npm stars # View packages marked as favorites
npm error
npm error To see a list of scripts, run:
npm error   npm run
npm error A complete log of this run can be found in: /root/.npm/_logs/2026-09-30T06_56_04_415Z-debug-0.log
npm error Missing script: "start"
npm error
npm error Did you mean one of these?
npm error   npm star # Mark your favorite packages
npm error   npm stars # View packages marked as favorites
npm error
npm error To see a list of scripts, run:
npm error   npm run
npm error A complete log of this run can be found in: /root/.npm/_logs/2026-09-30T06_56_04_720Z-debug-0.log
npm error Missing script: "start"
npm error
npm error Did you mean one of these?
npm error   npm star # Mark your favorite packages
npm error   npm stars # View packages marked as favorites
npm error
npm error To see a list of scripts, run:
npm error   npm run
npm error A complete log of this run can be found in: /root/.npm/_logs/2026-09-30T06_56_05_050Z-debug-0.log
npm error Missing script: "start"
npm error
npm error Did you mean one of these?
npm error   npm star # Mark your favorite packages
npm error   npm stars # View packages marked as favorites
npm error
npm error To see a list of scripts, run:
npm error   npm run
npm error A complete log of this run can be found in: /root/.npm/_logs/2026-09-30T06_56_05_376Z-debug-0.log
npm error Missing script: "start"
npm error
npm error Did you mean one of these?
npm error   npm star # Mark your favorite packages
npm error   npm stars # View packages marked as favorites
npm error
npm error To see a list of scripts, run:
npm error   npm run
npm error A complete log of this run can be found in: /root/.npm/_logs/2026-09-30T06_56_05_759Z-debug-0.log
npm error Missing script: "start"
npm error
npm error Did you mean one of these?
npm error   npm star # Mark your favorite packages
npm error   npm stars # View packages marked as favorites
npm error
npm error To see a list of scripts, run:
npm error   npm run
npm error A complete log of this run can be found in: /root/.npm/_logs/2026-09-30T06_56_06_113Z-debug-0.log
npm error Missing script: "start"
npm error
npm error Did you mean one of these?
npm error   npm star # Mark your favorite packages
npm error   npm stars # View packages marked as favorites
npm error
npm error To see a list of scripts, run:
npm error   npm run
npm error A complete log of this run can be found in: /root/.npm/_logs/2026-09-30T06_56_06_504Z-debug-0.log
npm error Missing script: "start"
npm error
npm error Did you mean one of these?
npm error   npm star # Mark your favorite packages
npm error   npm stars # View packages marked as favorites
npm error
npm error To see a list of scripts, run:
npm error   npm run
npm error A complete log of this run can be found in: /root/.npm/_logs/2026-09-30T06_56_06_818Z-debug-0.log
npm error Missing script: "start"
npm error
npm error Did you mean one of these?
npm error   npm star # Mark your favorite packages
npm error   npm stars # View packages marked as favorites
npm error
npm error To see a list of scripts, run:
npm error   npm run
npm error A complete log of this run can be found in: /root/.npm/_logs/2026-09-30T06_56_07_162Z-debug-0.log
npm error Missing script: "start"
npm error
npm error Did you mean one of these?
npm error   npm star # Mark your favorite packages
npm error   npm stars # View packages marked as favorites
npm error
npm error To see a list of scripts, run:
npm error   npm run
npm error A complete log of this run can be found in: /root/.npm/_logs/2026-09-30T06_56_07_436Z-debug-0.log
npm error Missing script: "start"
npm error
npm error Did you mean one of these?
npm error   npm star # Mark your favorite packages
npm error   npm stars # View packages marked as favorites
npm error
npm error To see a list of scripts, run:
npm error   npm run
npm error A complete log of this run can be found in: /root/.npm/_logs/2026-09-30T06_56_07_736Z-debug-0.log
npm error Missing script: "start"
npm error
npm error Did you mean one of these?
npm error   npm star # Mark your favorite packages
npm error   npm stars # View packages marked as favorites
npm error
npm error To see a list of scripts, run:
npm error   npm run
npm error A complete log of this run can be found in: /root/.npm/_logs/2026-09-30T06_56_08_030Z-debug-0.log
npm error Missing script: "start"
npm error
npm error Did you mean one of these?
npm error   npm star # Mark your favorite packages
npm error   npm stars # View packages marked as favorites
npm error
npm error To see a list of scripts, run:
npm error   npm run
npm error A complete log of this run can be found in: /root/.npm/_logs/2026-09-30T06_56_08_342Z-debug-0.log
npm error Missing script: "start"
npm error
npm error Did you mean one of these?
npm error   npm star # Mark your favorite packages
npm error   npm stars # View packages marked as favorites
npm error
npm error To see a list of scripts, run:
npm error   npm run
npm error A complete log of this run can be found in: /root/.npm/_logs/2026-09-30T06_56_08_644Z-debug-0.log
npm error Missing script: "start"
npm error
npm error Did you mean one of these?
npm error   npm star # Mark your favorite packages
npm error   npm stars # View packages marked as favorites
npm error
npm error To see a list of scripts, run:
npm error   npm run
npm error A complete log of this run can be found in: /root/.npm/_logs/2026-09-30T06_56_08_941Z-debug-0.log
npm error Missing script: "start"
npm error
npm error Did you mean one of these?
npm error   npm star # Mark your favorite packages
npm error   npm stars # View packages marked as favorites
npm error
npm error To see a list of scripts, run:
npm error   npm run
npm error A complete log of this run can be found in: /root/.npm/_logs/2026-09-30T06_56_09_283Z-debug-0.log
Error: listen EADDRINUSE: address already in use 0.0.0.0:80
    at Server.setupListenHandle [as _listen2] (node:net:1941:16)
    at listenInCluster (node:net:1998:12)
    at node:net:2207:7
    at process.processTicksAndRejections (node:internal/process/task_queues:89:21) {
  code: 'EADDRINUSE',
  errno: -98,
  syscall: 'listen',
  address: '0.0.0.0',
  port: 80
}
Error: listen EADDRINUSE: address already in use 0.0.0.0:80
    at Server.setupListenHandle [as _listen2] (node:net:1941:16)
    at listenInCluster (node:net:1998:12)
    at node:net:2207:7
    at process.processTicksAndRejections (node:internal/process/task_queues:89:21) {
  code: 'EADDRINUSE',
  errno: -98,
  syscall: 'listen',
  address: '0.0.0.0',
  port: 80
}
Error: listen EADDRINUSE: address already in use 0.0.0.0:80
    at Server.setupListenHandle [as _listen2] (node:net:1941:16)
    at listenInCluster (node:net:1998:12)
    at node:net:2207:7
    at process.processTicksAndRejections (node:internal/process/task_queues:89:21) {
  code: 'EADDRINUSE',
  errno: -98,
  syscall: 'listen',
  address: '0.0.0.0',
  port: 80
}
Error: listen EADDRINUSE: address already in use 0.0.0.0:80
    at Server.setupListenHandle [as _listen2] (node:net:1941:16)
    at listenInCluster (node:net:1998:12)
    at node:net:2207:7
    at process.processTicksAndRejections (node:internal/process/task_queues:89:21) {
  code: 'EADDRINUSE',
  errno: -98,
  syscall: 'listen',
  address: '0.0.0.0',
  port: 80
}
Error: listen EADDRINUSE: address already in use 0.0.0.0:80
    at Server.setupListenHandle [as _listen2] (node:net:1941:16)
    at listenInCluster (node:net:1998:12)
    at node:net:2207:7
    at process.processTicksAndRejections (node:internal/process/task_queues:89:21) {
  code: 'EADDRINUSE',
  errno: -98,
  syscall: 'listen',
  address: '0.0.0.0',
  port: 80
}
Error: listen EADDRINUSE: address already in use 0.0.0.0:80
    at Server.setupListenHandle [as _listen2] (node:net:1941:16)
    at listenInCluster (node:net:1998:12)
    at node:net:2207:7
    at process.processTicksAndRejections (node:internal/process/task_queues:89:21) {
  code: 'EADDRINUSE',
  errno: -98,
  syscall: 'listen',
  address: '0.0.0.0',
  port: 80
}
Error: listen EADDRINUSE: address already in use 0.0.0.0:80
    at Server.setupListenHandle [as _listen2] (node:net:1941:16)
    at listenInCluster (node:net:1998:12)
    at node:net:2207:7
    at process.processTicksAndRejections (node:internal/process/task_queues:89:21) {
  code: 'EADDRINUSE',
  errno: -98,
  syscall: 'listen',
  address: '0.0.0.0',
  port: 80
}
Error: listen EADDRINUSE: address already in use 0.0.0.0:80
    at Server.setupListenHandle [as _listen2] (node:net:1941:16)
    at listenInCluster (node:net:1998:12)
    at node:net:2207:7
    at process.processTicksAndRejections (node:internal/process/task_queues:89:21) {
  code: 'EADDRINUSE',
  errno: -98,
  syscall: 'listen',
  address: '0.0.0.0',
  port: 80
}
Error: listen EADDRINUSE: address already in use 0.0.0.0:80
    at Server.setupListenHandle [as _listen2] (node:net:1941:16)
    at listenInCluster (node:net:1998:12)
    at node:net:2207:7
    at process.processTicksAndRejections (node:internal/process/task_queues:89:21) {
  code: 'EADDRINUSE',
  errno: -98,
  syscall: 'listen',
  address: '0.0.0.0',
  port: 80
}
Error: listen EADDRINUSE: address already in use 0.0.0.0:80
    at Server.setupListenHandle [as _listen2] (node:net:1941:16)
    at listenInCluster (node:net:1998:12)
    at node:net:2207:7
    at process.processTicksAndRejections (node:internal/process/task_queues:89:21) {
  code: 'EADDRINUSE',
  errno: -98,
  syscall: 'listen',
  address: '0.0.0.0',
  port: 80
}
Error: listen EADDRINUSE: address already in use 0.0.0.0:80
    at Server.setupListenHandle [as _listen2] (node:net:1941:16)
    at listenInCluster (node:net:1998:12)
    at node:net:2207:7
    at process.processTicksAndRejections (node:internal/process/task_queues:89:21) {
  code: 'EADDRINUSE',
  errno: -98,
  syscall: 'listen',
  address: '0.0.0.0',
  port: 80
}
Error: listen EADDRINUSE: address already in use 0.0.0.0:80
    at Server.setupListenHandle [as _listen2] (node:net:1941:16)
    at listenInCluster (node:net:1998:12)
    at node:net:2207:7
    at process.processTicksAndRejections (node:internal/process/task_queues:89:21) {
  code: 'EADDRINUSE',
  errno: -98,
  syscall: 'listen',
  address: '0.0.0.0',
  port: 80
}
Error: listen EADDRINUSE: address already in use 0.0.0.0:80
    at Server.setupListenHandle [as _listen2] (node:net:1941:16)
    at listenInCluster (node:net:1998:12)
    at node:net:2207:7
    at process.processTicksAndRejections (node:internal/process/task_queues:89:21) {
  code: 'EADDRINUSE',
  errno: -98,
  syscall: 'listen',
  address: '0.0.0.0',
  port: 80
}
Error: listen EADDRINUSE: address already in use 0.0.0.0:80
    at Server.setupListenHandle [as _listen2] (node:net:1941:16)
    at listenInCluster (node:net:1998:12)
    at node:net:2207:7
    at process.processTicksAndRejections (node:internal/process/task_queues:89:21) {
  code: 'EADDRINUSE',
  errno: -98,
  syscall: 'listen',
  address: '0.0.0.0',
  port: 80
}
Error: listen EADDRINUSE: address already in use 0.0.0.0:80
    at Server.setupListenHandle [as _listen2] (node:net:1941:16)
    at listenInCluster (node:net:1998:12)
    at node:net:2207:7
    at process.processTicksAndRejections (node:internal/process/task_queues:89:21) {
  code: 'EADDRINUSE',
  errno: -98,
  syscall: 'listen',
  address: '0.0.0.0',
  port: 80
}
Error: listen EADDRINUSE: address already in use 0.0.0.0:80
    at Server.setupListenHandle [as _listen2] (node:net:1941:16)
    at listenInCluster (node:net:1998:12)
    at node:net:2207:7
    at process.processTicksAndRejections (node:internal/process/task_queues:89:21) {
  code: 'EADDRINUSE',
  errno: -98,
  syscall: 'listen',
  address: '0.0.0.0',
  port: 80
}
[2026-09-30T07:18:08.302Z] Error while serving /root/Neotropical/celestial-conjunction/dist/morpho-helena.png with content-type image/png : ENOENT: no such file or directory, open '/root/Neotropical/celestial-conjunction/dist/morpho-helena.png'
[2026-09-30T07:18:08.303Z] Error while serving /root/Neotropical/celestial-conjunction/dist/caligo-livius.jpg with content-type image/jpeg : ENOENT: no such file or directory, open '/root/Neotropical/celestial-conjunction/dist/caligo-livius.jpg'
[2026-09-30T07:18:08.498Z] Error while serving /root/Neotropical/celestial-conjunction/dist/chrysophora.jpg with content-type image/jpeg : ENOENT: no such file or directory, open '/root/Neotropical/celestial-conjunction/dist/chrysophora.jpg'
[2026-09-30T08:00:38.661Z] Error while serving /root/Neotropical/celestial-conjunction/dist/morpho-helena.png with content-type image/png : ENOENT: no such file or directory, open '/root/Neotropical/celestial-conjunction/dist/morpho-helena.png'
[2026-09-30T08:00:38.857Z] Error while serving /root/Neotropical/celestial-conjunction/dist/caligo-livius.jpg with content-type image/jpeg : ENOENT: no such file or directory, open '/root/Neotropical/celestial-conjunction/dist/caligo-livius.jpg'
[2026-09-30T08:00:38.861Z] Error while serving /root/Neotropical/celestial-conjunction/dist/chrysophora.jpg with content-type image/jpeg : ENOENT: no such file or directory, open '/root/Neotropical/celestial-conjunction/dist/chrysophora.jpg'
[2026-09-30T09:50:32.508Z] Error while serving /root/Neotropical/celestial-conjunction/dist/morpho-helena.png with content-type image/png : ENOENT: no such file or directory, open '/root/Neotropical/celestial-conjunction/dist/morpho-helena.png'
[2026-09-30T09:50:32.509Z] Error while serving /root/Neotropical/celestial-conjunction/dist/caligo-livius.jpg with content-type image/jpeg : ENOENT: no such file or directory, open '/root/Neotropical/celestial-conjunction/dist/caligo-livius.jpg'
[2026-09-30T09:50:32.704Z] Error while serving /root/Neotropical/celestial-conjunction/dist/chrysophora.jpg with content-type image/jpeg : ENOENT: no such file or directory, open '/root/Neotropical/celestial-conjunction/dist/chrysophora.jpg'
[2026-09-30T09:51:05.658Z] Error while serving /root/Neotropical/celestial-conjunction/dist/morpho-helena.png with content-type image/png : ENOENT: no such file or directory, open '/root/Neotropical/celestial-conjunction/dist/morpho-helena.png'
[2026-09-30T09:51:05.857Z] Error while serving /root/Neotropical/celestial-conjunction/dist/caligo-livius.jpg with content-type image/jpeg : ENOENT: no such file or directory, open '/root/Neotropical/celestial-conjunction/dist/caligo-livius.jpg'
[2026-09-30T09:51:05.858Z] Error while serving /root/Neotropical/celestial-conjunction/dist/chrysophora.jpg with content-type image/jpeg : ENOENT: no such file or directory, open '/root/Neotropical/celestial-conjunction/dist/chrysophora.jpg'
[2026-09-30T09:51:10.224Z] Error while serving /root/Neotropical/celestial-conjunction/dist/morpho-helena.png with content-type image/png : ENOENT: no such file or directory, open '/root/Neotropical/celestial-conjunction/dist/morpho-helena.png'
[2026-09-30T09:51:10.224Z] Error while serving /root/Neotropical/celestial-conjunction/dist/caligo-livius.jpg with content-type image/jpeg : ENOENT: no such file or directory, open '/root/Neotropical/celestial-conjunction/dist/caligo-livius.jpg'
[2026-09-30T09:51:10.225Z] Error while serving /root/Neotropical/celestial-conjunction/dist/chrysophora.jpg with content-type image/jpeg : ENOENT: no such file or directory, open '/root/Neotropical/celestial-conjunction/dist/chrysophora.jpg'
[2026-09-30T09:51:11.795Z] Error while serving /root/Neotropical/celestial-conjunction/dist/chrysophora.jpg with content-type image/jpeg : ENOENT: no such file or directory, open '/root/Neotropical/celestial-conjunction/dist/chrysophora.jpg'
[2026-09-30T09:51:11.795Z] Error while serving /root/Neotropical/celestial-conjunction/dist/morpho-helena.png with content-type image/png : ENOENT: no such file or directory, open '/root/Neotropical/celestial-conjunction/dist/morpho-helena.png'
[2026-09-30T09:51:11.796Z] Error while serving /root/Neotropical/celestial-conjunction/dist/caligo-livius.jpg with content-type image/jpeg : ENOENT: no such file or directory, open '/root/Neotropical/celestial-conjunction/dist/caligo-livius.jpg'
[2026-09-30T14:15:56.327Z] Error while serving /root/Neotropical/celestial-conjunction/dist/wiki with content-type text/plain : ENOENT: no such file or directory, open '/root/Neotropical/celestial-conjunction/dist/wiki'
[2026-10-01T15:09:04.942Z] Error while serving /root/Neotropical/celestial-conjunction/dist/index.html with content-type text/html : ENOENT: no such file or directory, open '/root/Neotropical/celestial-conjunction/dist/index.html'
[2026-10-01T15:13:12.921Z] Error while serving /root/Neotropical/celestial-conjunction/dist/security.txt with content-type text/plain : ENOENT: no such file or directory, open '/root/Neotropical/celestial-conjunction/dist/security.txt'
[2026-10-01T16:31:02.813Z] Error while serving /root/Neotropical/celestial-conjunction/dist/index.html with content-type text/html : ENOENT: no such file or directory, open '/root/Neotropical/celestial-conjunction/dist/index.html'
[2026-10-01T16:31:02.880Z] Error while serving /root/Neotropical/celestial-conjunction/dist/index.html with content-type text/html : ENOENT: no such file or directory, open '/root/Neotropical/celestial-conjunction/dist/index.html'
[2026-10-01T16:31:04.845Z] Error while serving /root/Neotropical/celestial-conjunction/dist/index.html with content-type text/html : ENOENT: no such file or directory, open '/root/Neotropical/celestial-conjunction/dist/index.html'
[2026-10-01T16:31:06.204Z] Error while serving /root/Neotropical/celestial-conjunction/dist/nice ports,/Trinity.txt.bak with content-type text/plain : ENOENT: no such file or directory, open '/root/Neotropical/celestial-conjunction/dist/nice ports,/Trinity.txt.bak'
npm error Missing script: "preview"
npm error
npm error To see a list of scripts, run:
npm error   npm run
npm error A complete log of this run can be found in: /root/.npm/_logs/2026-10-01T17_49_34_492Z-debug-0.log
npm error Missing script: "preview"
npm error
npm error To see a list of scripts, run:
npm error   npm run
npm error A complete log of this run can be found in: /root/.npm/_logs/2026-10-01T17_49_34_710Z-debug-0.log
npm error Missing script: "preview"
npm error
npm error To see a list of scripts, run:
npm error   npm run
npm error A complete log of this run can be found in: /root/.npm/_logs/2026-10-01T17_49_34_974Z-debug-0.log
npm error Missing script: "preview"
npm error
npm error To see a list of scripts, run:
npm error   npm run
npm error A complete log of this run can be found in: /root/.npm/_logs/2026-10-01T17_49_35_217Z-debug-0.log
npm error Missing script: "preview"
npm error
npm error To see a list of scripts, run:
npm error   npm run
npm error A complete log of this run can be found in: /root/.npm/_logs/2026-10-01T17_49_35_465Z-debug-0.log
npm error Missing script: "preview"
npm error
npm error To see a list of scripts, run:
npm error   npm run
npm error A complete log of this run can be found in: /root/.npm/_logs/2026-10-01T17_49_35_705Z-debug-0.log
npm error Missing script: "preview"
npm error
npm error To see a list of scripts, run:
npm error   npm run
npm error A complete log of this run can be found in: /root/.npm/_logs/2026-10-01T17_49_35_968Z-debug-0.log
npm error Missing script: "preview"
npm error
npm error To see a list of scripts, run:
npm error   npm run
npm error A complete log of this run can be found in: /root/.npm/_logs/2026-10-01T17_49_36_240Z-debug-0.log
npm error Missing script: "preview"
npm error
npm error To see a list of scripts, run:
npm error   npm run
npm error A complete log of this run can be found in: /root/.npm/_logs/2026-10-01T17_49_36_459Z-debug-0.log
npm error Missing script: "preview"
npm error
npm error To see a list of scripts, run:
npm error   npm run
npm error A complete log of this run can be found in: /root/.npm/_logs/2026-10-01T17_49_36_690Z-debug-0.log
npm error Missing script: "preview"
npm error
npm error To see a list of scripts, run:
npm error   npm run
npm error A complete log of this run can be found in: /root/.npm/_logs/2026-10-01T17_49_36_933Z-debug-0.log
npm error Missing script: "preview"
npm error
npm error To see a list of scripts, run:
npm error   npm run
npm error A complete log of this run can be found in: /root/.npm/_logs/2026-10-01T17_49_37_178Z-debug-0.log
npm error Missing script: "preview"
npm error
npm error To see a list of scripts, run:
npm error   npm run
npm error A complete log of this run can be found in: /root/.npm/_logs/2026-10-01T17_49_37_445Z-debug-0.log
npm error Missing script: "preview"
npm error
npm error To see a list of scripts, run:
npm error   npm run
npm error A complete log of this run can be found in: /root/.npm/_logs/2026-10-01T17_49_37_697Z-debug-0.log
npm error Missing script: "preview"
npm error
npm error To see a list of scripts, run:
npm error   npm run
npm error A complete log of this run can be found in: /root/.npm/_logs/2026-10-01T17_49_37_967Z-debug-0.log
npm error Missing script: "preview"
npm error
npm error To see a list of scripts, run:
npm error   npm run
npm error A complete log of this run can be found in: /root/.npm/_logs/2026-10-01T17_49_38_252Z-debug-0.log
npm error Missing script: "preview"
npm error
npm error To see a list of scripts, run:
npm error   npm run
npm error A complete log of this run can be found in: /root/.npm/_logs/2026-10-01T17_57_14_070Z-debug-0.log
npm error Missing script: "preview"
npm error
npm error To see a list of scripts, run:
npm error   npm run
npm error A complete log of this run can be found in: /root/.npm/_logs/2026-10-01T17_57_14_364Z-debug-0.log
npm error Missing script: "preview"
npm error
npm error To see a list of scripts, run:
npm error   npm run
npm error A complete log of this run can be found in: /root/.npm/_logs/2026-10-01T17_57_14_662Z-debug-0.log
npm error Missing script: "preview"
npm error
npm error To see a list of scripts, run:
npm error   npm run
npm error A complete log of this run can be found in: /root/.npm/_logs/2026-10-01T17_57_14_935Z-debug-0.log
npm error Missing script: "preview"
npm error
npm error To see a list of scripts, run:
npm error   npm run
npm error A complete log of this run can be found in: /root/.npm/_logs/2026-10-01T17_57_15_243Z-debug-0.log
npm error Missing script: "preview"
npm error
npm error To see a list of scripts, run:
npm error   npm run
npm error A complete log of this run can be found in: /root/.npm/_logs/2026-10-01T17_57_15_536Z-debug-0.log
npm error Missing script: "preview"
npm error
npm error To see a list of scripts, run:
npm error   npm run
npm error A complete log of this run can be found in: /root/.npm/_logs/2026-10-01T17_57_15_829Z-debug-0.log
npm error Missing script: "preview"
npm error
npm error To see a list of scripts, run:
npm error   npm run
npm error A complete log of this run can be found in: /root/.npm/_logs/2026-10-01T17_57_16_111Z-debug-0.log
npm error Missing script: "preview"
npm error
npm error To see a list of scripts, run:
npm error   npm run
npm error A complete log of this run can be found in: /root/.npm/_logs/2026-10-01T17_57_16_399Z-debug-0.log
npm error Missing script: "preview"
npm error
npm error To see a list of scripts, run:
npm error   npm run
npm error A complete log of this run can be found in: /root/.npm/_logs/2026-10-01T17_57_16_657Z-debug-0.log
npm error Missing script: "preview"
npm error
npm error To see a list of scripts, run:
npm error   npm run
npm error A complete log of this run can be found in: /root/.npm/_logs/2026-10-01T17_57_16_938Z-debug-0.log
npm error Missing script: "preview"
npm error
npm error To see a list of scripts, run:
npm error   npm run
npm error A complete log of this run can be found in: /root/.npm/_logs/2026-10-01T17_57_17_236Z-debug-0.log
npm error Missing script: "preview"
npm error
npm error To see a list of scripts, run:
npm error   npm run
npm error A complete log of this run can be found in: /root/.npm/_logs/2026-10-01T17_57_17_494Z-debug-0.log
npm error Missing script: "preview"
npm error
npm error To see a list of scripts, run:
npm error   npm run
npm error A complete log of this run can be found in: /root/.npm/_logs/2026-10-01T17_57_17_766Z-debug-0.log
npm error Missing script: "preview"
npm error
npm error To see a list of scripts, run:
npm error   npm run
npm error A complete log of this run can be found in: /root/.npm/_logs/2026-10-01T17_57_18_042Z-debug-0.log
npm error Missing script: "preview"
npm error
npm error To see a list of scripts, run:
npm error   npm run
npm error A complete log of this run can be found in: /root/.npm/_logs/2026-10-01T17_57_18_295Z-debug-0.log
npm error Missing script: "start"
npm error
npm error Did you mean one of these?
npm error   npm star # Mark your favorite packages
npm error   npm stars # View packages marked as favorites
npm error
npm error To see a list of scripts, run:
npm error   npm run
npm error A complete log of this run can be found in: /root/.npm/_logs/2026-10-02T08_35_14_355Z-debug-0.log
npm error Missing script: "start"
npm error
npm error Did you mean one of these?
npm error   npm star # Mark your favorite packages
npm error   npm stars # View packages marked as favorites
npm error
npm error To see a list of scripts, run:
npm error   npm run
npm error A complete log of this run can be found in: /root/.npm/_logs/2026-10-02T08_35_14_702Z-debug-0.log
npm error Missing script: "start"
npm error
npm error Did you mean one of these?
npm error   npm star # Mark your favorite packages
npm error   npm stars # View packages marked as favorites
npm error
npm error To see a list of scripts, run:
npm error   npm run
npm error A complete log of this run can be found in: /root/.npm/_logs/2026-10-02T08_35_15_063Z-debug-0.log
npm error Missing script: "start"
npm error
npm error Did you mean one of these?
npm error   npm star # Mark your favorite packages
npm error   npm stars # View packages marked as favorites
npm error
npm error To see a list of scripts, run:
npm error   npm run
npm error A complete log of this run can be found in: /root/.npm/_logs/2026-10-02T08_35_15_443Z-debug-0.log
npm error Missing script: "start"
npm error
npm error Did you mean one of these?
npm error   npm star # Mark your favorite packages
npm error   npm stars # View packages marked as favorites
npm error
npm error To see a list of scripts, run:
npm error   npm run
npm error A complete log of this run can be found in: /root/.npm/_logs/2026-10-02T08_35_15_828Z-debug-0.log
npm error Missing script: "start"
npm error
npm error Did you mean one of these?
npm error   npm star # Mark your favorite packages
npm error   npm stars # View packages marked as favorites
npm error
npm error To see a list of scripts, run:
npm error   npm run
npm error A complete log of this run can be found in: /root/.npm/_logs/2026-10-02T08_35_16_177Z-debug-0.log
npm error Missing script: "start"
npm error
npm error Did you mean one of these?
npm error   npm star # Mark your favorite packages
npm error   npm stars # View packages marked as favorites
npm error
npm error To see a list of scripts, run:
npm error   npm run
npm error A complete log of this run can be found in: /root/.npm/_logs/2026-10-02T08_35_16_490Z-debug-0.log
npm error Missing script: "start"
npm error
npm error Did you mean one of these?
npm error   npm star # Mark your favorite packages
npm error   npm stars # View packages marked as favorites
npm error
npm error To see a list of scripts, run:
npm error   npm run
npm error A complete log of this run can be found in: /root/.npm/_logs/2026-10-02T08_35_16_827Z-debug-0.log
npm error Missing script: "start"
npm error
npm error Did you mean one of these?
npm error   npm star # Mark your favorite packages
npm error   npm stars # View packages marked as favorites
npm error
npm error To see a list of scripts, run:
npm error   npm run
npm error A complete log of this run can be found in: /root/.npm/_logs/2026-10-02T08_35_17_184Z-debug-0.log
npm error Missing script: "start"
npm error
npm error Did you mean one of these?
npm error   npm star # Mark your favorite packages
npm error   npm stars # View packages marked as favorites
npm error
npm error To see a list of scripts, run:
npm error   npm run
npm error A complete log of this run can be found in: /root/.npm/_logs/2026-10-02T08_35_17_558Z-debug-0.log
npm error Missing script: "start"
npm error
npm error Did you mean one of these?
npm error   npm star # Mark your favorite packages
npm error   npm stars # View packages marked as favorites
npm error
npm error To see a list of scripts, run:
npm error   npm run
npm error A complete log of this run can be found in: /root/.npm/_logs/2026-10-02T08_35_17_893Z-debug-0.log
npm error Missing script: "start"
npm error
npm error Did you mean one of these?
npm error   npm star # Mark your favorite packages
npm error   npm stars # View packages marked as favorites
npm error
npm error To see a list of scripts, run:
npm error   npm run
npm error A complete log of this run can be found in: /root/.npm/_logs/2026-10-02T08_35_18_246Z-debug-0.log
npm error Missing script: "start"
npm error
npm error Did you mean one of these?
npm error   npm star # Mark your favorite packages
npm error   npm stars # View packages marked as favorites
npm error
npm error To see a list of scripts, run:
npm error   npm run
npm error A complete log of this run can be found in: /root/.npm/_logs/2026-10-02T08_35_18_598Z-debug-0.log
npm error Missing script: "start"
npm error
npm error Did you mean one of these?
npm error   npm star # Mark your favorite packages
npm error   npm stars # View packages marked as favorites
npm error
npm error To see a list of scripts, run:
npm error   npm run
npm error A complete log of this run can be found in: /root/.npm/_logs/2026-10-02T08_35_18_945Z-debug-0.log
npm error Missing script: "start"
npm error
npm error Did you mean one of these?
npm error   npm star # Mark your favorite packages
npm error   npm stars # View packages marked as favorites
npm error
npm error To see a list of scripts, run:
npm error   npm run
npm error A complete log of this run can be found in: /root/.npm/_logs/2026-10-02T08_35_19_311Z-debug-0.log
npm error Missing script: "start"
npm error
npm error Did you mean one of these?
npm error   npm star # Mark your favorite packages
npm error   npm stars # View packages marked as favorites
npm error
npm error To see a list of scripts, run:
npm error   npm run
npm error A complete log of this run can be found in: /root/.npm/_logs/2026-10-02T08_35_19_703Z-debug-0.log
npm error Missing script: "start"
npm error
npm error Did you mean one of these?
npm error   npm star # Mark your favorite packages
npm error   npm stars # View packages marked as favorites
npm error
npm error To see a list of scripts, run:
npm error   npm run
npm error A complete log of this run can be found in: /root/.npm/_logs/2026-10-02T08_35_52_053Z-debug-0.log
npm error Missing script: "start"
npm error
npm error Did you mean one of these?
npm error   npm star # Mark your favorite packages
npm error   npm stars # View packages marked as favorites
npm error
npm error To see a list of scripts, run:
npm error   npm run
npm error A complete log of this run can be found in: /root/.npm/_logs/2026-10-02T08_35_52_366Z-debug-0.log
npm error Missing script: "start"
npm error
npm error Did you mean one of these?
npm error   npm star # Mark your favorite packages
npm error   npm stars # View packages marked as favorites
npm error
npm error To see a list of scripts, run:
npm error   npm run
npm error A complete log of this run can be found in: /root/.npm/_logs/2026-10-02T08_35_52_706Z-debug-0.log
npm error Missing script: "start"
npm error
npm error Did you mean one of these?
npm error   npm star # Mark your favorite packages
npm error   npm stars # View packages marked as favorites
npm error
npm error To see a list of scripts, run:
npm error   npm run
npm error A complete log of this run can be found in: /root/.npm/_logs/2026-10-02T08_35_53_044Z-debug-0.log
npm error Missing script: "start"
npm error
npm error Did you mean one of these?
npm error   npm star # Mark your favorite packages
npm error   npm stars # View packages marked as favorites
npm error
npm error To see a list of scripts, run:
npm error   npm run
npm error A complete log of this run can be found in: /root/.npm/_logs/2026-10-02T08_35_53_412Z-debug-0.log
npm error Missing script: "start"
npm error
npm error Did you mean one of these?
npm error   npm star # Mark your favorite packages
npm error   npm stars # View packages marked as favorites
npm error
npm error To see a list of scripts, run:
npm error   npm run
npm error A complete log of this run can be found in: /root/.npm/_logs/2026-10-02T08_35_53_747Z-debug-0.log
npm error Missing script: "start"
npm error
npm error Did you mean one of these?
npm error   npm star # Mark your favorite packages
npm error   npm stars # View packages marked as favorites
npm error
npm error To see a list of scripts, run:
npm error   npm run
npm error A complete log of this run can be found in: /root/.npm/_logs/2026-10-02T08_35_54_166Z-debug-0.log
npm error Missing script: "start"
npm error
npm error Did you mean one of these?
npm error   npm star # Mark your favorite packages
npm error   npm stars # View packages marked as favorites
npm error
npm error To see a list of scripts, run:
npm error   npm run
npm error A complete log of this run can be found in: /root/.npm/_logs/2026-10-02T08_35_54_487Z-debug-0.log
npm error Missing script: "start"
npm error
npm error Did you mean one of these?
npm error   npm star # Mark your favorite packages
npm error   npm stars # View packages marked as favorites
npm error
npm error To see a list of scripts, run:
npm error   npm run
npm error A complete log of this run can be found in: /root/.npm/_logs/2026-10-02T08_35_54_837Z-debug-0.log
npm error Missing script: "start"
npm error
npm error Did you mean one of these?
npm error   npm star # Mark your favorite packages
npm error   npm stars # View packages marked as favorites
npm error
npm error To see a list of scripts, run:
npm error   npm run
npm error A complete log of this run can be found in: /root/.npm/_logs/2026-10-02T08_35_55_219Z-debug-0.log
npm error Missing script: "start"
npm error
npm error Did you mean one of these?
npm error   npm star # Mark your favorite packages
npm error   npm stars # View packages marked as favorites
npm error
npm error To see a list of scripts, run:
npm error   npm run
npm error A complete log of this run can be found in: /root/.npm/_logs/2026-10-02T08_35_55_581Z-debug-0.log
npm error Missing script: "start"
npm error
npm error Did you mean one of these?
npm error   npm star # Mark your favorite packages
npm error   npm stars # View packages marked as favorites
npm error
npm error To see a list of scripts, run:
npm error   npm run
npm error A complete log of this run can be found in: /root/.npm/_logs/2026-10-02T08_35_55_894Z-debug-0.log
npm error Missing script: "start"
npm error
npm error Did you mean one of these?
npm error   npm star # Mark your favorite packages
npm error   npm stars # View packages marked as favorites
npm error
npm error To see a list of scripts, run:
npm error   npm run
npm error A complete log of this run can be found in: /root/.npm/_logs/2026-10-02T08_35_56_226Z-debug-0.log
npm error Missing script: "start"
npm error
npm error Did you mean one of these?
npm error   npm star # Mark your favorite packages
npm error   npm stars # View packages marked as favorites
npm error
npm error To see a list of scripts, run:
npm error   npm run
npm error A complete log of this run can be found in: /root/.npm/_logs/2026-10-02T08_35_56_581Z-debug-0.log
npm error Missing script: "start"
npm error
npm error Did you mean one of these?
npm error   npm star # Mark your favorite packages
npm error   npm stars # View packages marked as favorites
npm error
npm error To see a list of scripts, run:
npm error   npm run
npm error A complete log of this run can be found in: /root/.npm/_logs/2026-10-02T08_35_56_922Z-debug-0.log
npm error Missing script: "start"
npm error
npm error Did you mean one of these?
npm error   npm star # Mark your favorite packages
npm error   npm stars # View packages marked as favorites
npm error
npm error To see a list of scripts, run:
npm error   npm run
npm error A complete log of this run can be found in: /root/.npm/_logs/2026-10-02T08_35_57_338Z-debug-0.log
Killed
Killed
11:13:20 [ERROR] Missing parameter: region
  Stack trace:
    at /root/Neotropical-specimens/node_modules/astro/dist/core/routing/manifest/generator.js:17:13
    [...] See full stack trace in the browser, or rerun with --verbose.
11:13:37 [ERROR] Missing parameter: region
  Stack trace:
    at /root/Neotropical-specimens/node_modules/astro/dist/core/routing/manifest/generator.js:17:13
    [...] See full stack trace in the browser, or rerun with --verbose.
11:13:53 [ERROR] Missing parameter: region
  Stack trace:
    at /root/Neotropical-specimens/node_modules/astro/dist/core/routing/manifest/generator.js:17:13
    [...] See full stack trace in the browser, or rerun with --verbose.
11:14:00 [ERROR] Missing parameter: region
  Stack trace:
    at /root/Neotropical-specimens/node_modules/astro/dist/core/routing/manifest/generator.js:17:13
    [...] See full stack trace in the browser, or rerun with --verbose.
1:11:54 PM [vite] Error when evaluating SSR module /root/Neotropical-specimens/astro.config.mjs:
|- ReferenceError: ø is not defined
    at /root/Neotropical-specimens/astro.config.mjs:9:4
    at async instantiateModule (file:///root/Neotropical-specimens/node_modules/vite/dist/node/chunks/dep-BK3b2jBa.js:53021:5)

[astro] Unable to load your Astro config

13:11:54 [ERROR] [config] ø is not defined
  Stack trace:
    at /root/Neotropical-specimens/node_modules/vite/dist/node/chunks/dep-BK3b2jBa.js:53021:5
    [...] See full stack trace in the browser, or rerun with --verbose.

13:11:54 [ERROR] Continuing with previous valid configuration

14:11:45 [ERROR] TypeError: {(intermediate value)(intermediate value)} is not iterable
    at file:///root/Neotropical-specimens/dist/server/pages/index.astro.mjs:14:8
    at index (file:///root/Neotropical-specimens/dist/server/chunks/astro/server_DrIisthj.mjs:22:12)
    at callComponentAsTemplateResultOrResponse (file:///root/Neotropical-specimens/dist/server/chunks/astro/server_DrIisthj.mjs:1132:31)
    at renderToAsyncIterable (file:///root/Neotropical-specimens/dist/server/chunks/astro/server_DrIisthj.mjs:1174:32)
    at renderPage (file:///root/Neotropical-specimens/dist/server/chunks/astro/server_DrIisthj.mjs:1994:30)
    at lastNext (file:///root/Neotropical-specimens/dist/server/chunks/_@astrojs-ssr-adapter_fVVratj2.mjs:1698:31)
    at async callMiddleware (file:///root/Neotropical-specimens/dist/server/chunks/_@astrojs-ssr-adapter_fVVratj2.mjs:810:10)
    at async RenderContext.render (file:///root/Neotropical-specimens/dist/server/chunks/_@astrojs-ssr-adapter_fVVratj2.mjs:1729:22)
    at async NodeApp.render (file:///root/Neotropical-specimens/dist/server/chunks/_@astrojs-ssr-adapter_fVVratj2.mjs:2372:18)
    at async file:///root/Neotropical-specimens/dist/server/chunks/_@astrojs-ssr-adapter_fVVratj2.mjs:2742:28
14:11:47 [ERROR] TypeError: {(intermediate value)(intermediate value)} is not iterable
    at file:///root/Neotropical-specimens/dist/server/pages/index.astro.mjs:14:8
    at index (file:///root/Neotropical-specimens/dist/server/chunks/astro/server_DrIisthj.mjs:22:12)
    at callComponentAsTemplateResultOrResponse (file:///root/Neotropical-specimens/dist/server/chunks/astro/server_DrIisthj.mjs:1132:31)
    at renderToAsyncIterable (file:///root/Neotropical-specimens/dist/server/chunks/astro/server_DrIisthj.mjs:1174:32)
    at renderPage (file:///root/Neotropical-specimens/dist/server/chunks/astro/server_DrIisthj.mjs:1994:30)
    at lastNext (file:///root/Neotropical-specimens/dist/server/chunks/_@astrojs-ssr-adapter_fVVratj2.mjs:1698:31)
    at async callMiddleware (file:///root/Neotropical-specimens/dist/server/chunks/_@astrojs-ssr-adapter_fVVratj2.mjs:810:10)
    at async RenderContext.render (file:///root/Neotropical-specimens/dist/server/chunks/_@astrojs-ssr-adapter_fVVratj2.mjs:1729:22)
    at async NodeApp.render (file:///root/Neotropical-specimens/dist/server/chunks/_@astrojs-ssr-adapter_fVVratj2.mjs:2372:18)
    at async file:///root/Neotropical-specimens/dist/server/chunks/_@astrojs-ssr-adapter_fVVratj2.mjs:2742:28
