0 verbose cli /usr/bin/node /usr/bin/npm
1 info using npm@10.9.9
2 info using node@v22.23.3
3 silly config load:file:/usr/lib/node_modules/npm/npmrc
4 silly config load:file:/root/catalogo-oficial/.npmrc
5 silly config load:file:/root/.npmrc
6 silly config load:file:/usr/etc/npmrc
7 verbose title npm install
8 verbose argv "install"
9 verbose logfile logs-max:10 dir:/root/.npm/_logs/2026-10-01T01_48_21_359Z-
10 verbose logfile /root/.npm/_logs/2026-10-01T01_48_21_359Z-debug-0.log
11 silly logfile start cleaning logs, removing 1 files
12 silly packumentCache heap:2197815296 maxSize:549453824 maxEntrySize:274726912
13 silly logfile done cleaning log files
14 silly idealTree buildDeps
15 silly reify moves {}
16 verbose stack Error: Could not read package.json: Error: ENOENT: no such file or directory, open '/root/catalogo-oficial/package.json'
16 verbose stack     at async open (node:internal/fs/promises:639:25)
16 verbose stack     at async readFile (node:internal/fs/promises:1252:14)
16 verbose stack     at async read (/usr/lib/node_modules/npm/node_modules/@npmcli/package-json/lib/read-package.js:9:18)
16 verbose stack     at async PackageJson.load (/usr/lib/node_modules/npm/node_modules/@npmcli/package-json/lib/index.js:132:31)
16 verbose stack     at async PackageJson.normalize (/usr/lib/node_modules/npm/node_modules/@npmcli/package-json/lib/index.js:118:5)
16 verbose stack     at async runScript (/usr/lib/node_modules/npm/node_modules/@npmcli/run-script/lib/run-script.js:11:28)
16 verbose stack     at async Install.exec (/usr/lib/node_modules/npm/lib/commands/install.js:163:9)
16 verbose stack     at async Npm.exec (/usr/lib/node_modules/npm/lib/npm.js:207:9)
16 verbose stack     at async module.exports (/usr/lib/node_modules/npm/lib/cli/entry.js:74:5)
17 error code ENOENT
18 error syscall open
19 error path /root/catalogo-oficial/package.json
20 error errno -2
21 error enoent Could not read package.json: Error: ENOENT: no such file or directory, open '/root/catalogo-oficial/package.json'
22 error enoent This is related to npm not being able to find a file.
22 error enoent
23 verbose cwd /root/catalogo-oficial
24 verbose os Linux 7.0.0-31-generic
25 verbose node v22.23.3
26 verbose npm  v10.9.9
27 verbose exit -2
28 verbose code -2
29 error A complete log of this run can be found in: /root/.npm/_logs/2026-10-01T01_48_21_359Z-debug-0.log
