0 verbose cli /usr/bin/node /usr/bin/npm
1 info using npm@10.9.9
2 info using node@v22.23.3
3 silly config load:file:/usr/lib/node_modules/npm/npmrc
4 silly config load:file:/root/catalogo-oficial/.npmrc
5 silly config load:file:/root/.npmrc
6 silly config load:file:/usr/etc/npmrc
7 verbose title npm init
8 verbose argv "init" "--yes"
9 verbose logfile logs-max:10 dir:/root/.npm/_logs/2026-10-01T01_50_20_162Z-
10 verbose logfile /root/.npm/_logs/2026-10-01T01_50_20_162Z-debug-0.log
11 silly logfile start cleaning logs, removing 1 files
12 silly logfile done cleaning log files
13 silly package data {
13 silly package data   name: 'catalogo-oficial',
13 silly package data   version: '1.0.0',
13 silly package data   description: '',
13 silly package data   main: 'index.js',
13 silly package data   scripts: { test: 'echo "Error: no test specified" && exit 1' },
13 silly package data   keywords: [],
13 silly package data   author: '',
13 silly package data   license: 'ISC'
13 silly package data }
14 verbose cwd /root/catalogo-oficial
15 verbose os Linux 7.0.0-31-generic
16 verbose node v22.23.3
17 verbose npm  v10.9.9
18 verbose exit 0
19 info ok
