0 verbose cli /usr/bin/node /usr/lib/node_modules/npm/bin/npm-cli.js
1 info using npm@10.9.9
2 info using node@v22.23.3
3 silly config load:file:/usr/lib/node_modules/npm/npmrc
4 silly config load:file:/root/catalogo-oficial/.npmrc
5 silly config load:file:/root/.npmrc
6 silly config load:file:/usr/etc/npmrc
7 verbose title npm exec kill-port 4321 4322
8 verbose argv "exec" "--" "kill-port" "4321" "4322"
9 verbose logfile logs-max:10 dir:/root/.npm/_logs/2026-10-01T01_54_02_534Z-
10 verbose logfile /root/.npm/_logs/2026-10-01T01_54_02_534Z-debug-0.log
11 silly logfile start cleaning logs, removing 1 files
12 silly logfile done cleaning log files
13 silly packumentCache heap:2197815296 maxSize:549453824 maxEntrySize:274726912
14 verbose shrinkwrap failed to load node_modules/.package-lock.json out of date, updated: node_modules
15 http fetch GET 200 https://registry.npmjs.org/kill-port 107ms (cache miss)
16 silly packumentCache heap:2197815296 maxSize:549453824 maxEntrySize:274726912
17 silly packumentCache heap:2197815296 maxSize:549453824 maxEntrySize:274726912
18 silly idealTree buildDeps
19 silly fetch manifest kill-port@2.0.1
20 silly packumentCache full:https://registry.npmjs.org/kill-port cache-miss
21 http fetch GET 200 https://registry.npmjs.org/kill-port 207ms (cache miss)
22 silly packumentCache full:https://registry.npmjs.org/kill-port set size:undefined disposed:false
23 silly placeDep ROOT kill-port@2.0.1 OK for:  want: 2.0.1
24 silly fetch manifest shell-exec@1.0.2
25 silly packumentCache full:https://registry.npmjs.org/shell-exec cache-miss
26 silly fetch manifest get-them-args@1.3.2
27 silly packumentCache full:https://registry.npmjs.org/get-them-args cache-miss
28 http fetch GET 200 https://registry.npmjs.org/shell-exec 223ms (cache miss)
29 silly packumentCache full:https://registry.npmjs.org/shell-exec set size:undefined disposed:false
30 http fetch GET 200 https://registry.npmjs.org/get-them-args 233ms (cache miss)
31 silly packumentCache full:https://registry.npmjs.org/get-them-args set size:undefined disposed:false
32 silly placeDep ROOT get-them-args@1.3.2 OK for: kill-port@2.0.1 want: 1.3.2
33 silly placeDep ROOT shell-exec@1.0.2 OK for: kill-port@2.0.1 want: 1.0.2
34 silly reify moves {}
35 silly audit bulk request {
35 silly audit   'kill-port': [ '2.0.1' ],
35 silly audit   'get-them-args': [ '1.3.2' ],
35 silly audit   'shell-exec': [ '1.0.2' ]
35 silly audit }
36 http cache get-them-args@https://registry.npmjs.org/get-them-args/-/get-them-args-1.3.2.tgz 1ms (cache hit)
37 http cache shell-exec@https://registry.npmjs.org/shell-exec/-/shell-exec-1.0.2.tgz 0ms (cache hit)
38 http cache kill-port@https://registry.npmjs.org/kill-port/-/kill-port-2.0.1.tgz 0ms (cache hit)
39 silly tarball no local data for get-them-args@https://registry.npmjs.org/get-them-args/-/get-them-args-1.3.2.tgz. Extracting by manifest.
40 silly tarball no local data for shell-exec@https://registry.npmjs.org/shell-exec/-/shell-exec-1.0.2.tgz. Extracting by manifest.
41 silly tarball no local data for kill-port@https://registry.npmjs.org/kill-port/-/kill-port-2.0.1.tgz. Extracting by manifest.
42 http fetch GET 200 https://registry.npmjs.org/get-them-args/-/get-them-args-1.3.2.tgz 35ms (cache miss)
43 http fetch GET 200 https://registry.npmjs.org/shell-exec/-/shell-exec-1.0.2.tgz 59ms (cache miss)
44 http fetch GET 200 https://registry.npmjs.org/kill-port/-/kill-port-2.0.1.tgz 70ms (cache miss)
45 http fetch POST 200 https://registry.npmjs.org/-/npm/v1/security/advisories/bulk 196ms
46 silly audit report {}
47 verbose cwd /root/catalogo-oficial
48 verbose os Linux 7.0.0-31-generic
49 verbose node v22.23.3
50 verbose npm  v10.9.9
51 verbose exit 0
52 info ok
